Last login: Tue Feb  2 12:24:00 on ttys003
(base) Apples-MacBook-Pro:var apple$ chmod
usage:	chmod [-fhv] [-R [-H | -L | -P]] [-a | +a | =a  [i][# [ n]]] mode|entry file ...
	chmod [-fhv] [-R [-H | -L | -P]] [-E | -C | -N | -i | -I] file ...
(base) Apples-MacBook-Pro:var apple$ chmod 400 /usr/local/var/bhp_newpair.pem.txt 
(base) Apples-MacBook-Pro:var apple$ ssh -i "/usr/local/var/bhp_newpair.pem" ubuntu@ec2-3-24-208-19.ap-southeast-2.compute.amazonaws.com
Warning: Identity file /usr/local/var/bhp_newpair.pem not accessible: No such file or directory.
The authenticity of host 'ec2-3-24-208-19.ap-southeast-2.compute.amazonaws.com (3.24.208.19)' can't be established.
ECDSA key fingerprint is SHA256:uff2jI/2X/vlmsfTzrd73zRZ8nV/6zvuWDtoP9GQt0Y.
Are you sure you want to continue connecting (yes/no)? yes
Warning: Permanently added 'ec2-3-24-208-19.ap-southeast-2.compute.amazonaws.com,3.24.208.19' (ECDSA) to the list of known hosts.
ubuntu@ec2-3-24-208-19.ap-southeast-2.compute.amazonaws.com: Permission denied (publickey).
(base) Apples-MacBook-Pro:var apple$ 
(base) Apples-MacBook-Pro:var apple$ 
(base) Apples-MacBook-Pro:var apple$ ssh -i "/usr/local/var/bhp_newpair.pem.txt" ubuntu@ec2-3-24-208-19.ap-southeast-2.compute.amazonaws.com
Welcome to Ubuntu 18.04.5 LTS (GNU/Linux 5.4.0-1029-aws x86_64)

 * Documentation:  https://help.ubuntu.com
 * Management:     https://landscape.canonical.com
 * Support:        https://ubuntu.com/advantage

  System information as of Tue Feb  2 08:55:23 UTC 2021

  System load:  0.0               Processes:           91
  Usage of /:   14.6% of 7.69GB   Users logged in:     0
  Memory usage: 17%               IP address for eth0: 172.31.43.134
  Swap usage:   0%

0 packages can be updated.
0 updates are security updates.



The programs included with the Ubuntu system are free software;
the exact distribution terms for each program are described in the
individual files in /usr/share/doc/*/copyright.

Ubuntu comes with ABSOLUTELY NO WARRANTY, to the extent permitted by
applicable law.

To run a command as administrator (user "root"), use "sudo <command>".
See "man sudo_root" for details.

ubuntu@ip-172-31-43-134:~$ pwd
/home/ubuntu
ubuntu@ip-172-31-43-134:~$ ls
ubuntu@ip-172-31-43-134:~$ mkdir BHProot
ubuntu@ip-172-31-43-134:~$ ls
BHProot
ubuntu@ip-172-31-43-134:~$ pwd
/home/ubuntu
ubuntu@ip-172-31-43-134:~$ cd BHProot
ubuntu@ip-172-31-43-134:~/BHProot$ ls
ubuntu@ip-172-31-43-134:~/BHProot$ ll
total 8
drwxrwxr-x 2 ubuntu ubuntu 4096 Feb  2 09:02 ./
drwxr-xr-x 6 ubuntu ubuntu 4096 Feb  2 09:02 ../
ubuntu@ip-172-31-43-134:~/BHProot$ pwd
/home/ubuntu/BHProot
ubuntu@ip-172-31-43-134:~/BHProot$ rd
rd: command not found
ubuntu@ip-172-31-43-134:~/BHProot$ rd BHProot
rd: command not found
ubuntu@ip-172-31-43-134:~/BHProot$ rmdir BHProot
rmdir: failed to remove 'BHProot': No such file or directory
ubuntu@ip-172-31-43-134:~/BHProot$ cd ..
ubuntu@ip-172-31-43-134:~$ rmdir BHProot
ubuntu@ip-172-31-43-134:~$ ls
BHP
ubuntu@ip-172-31-43-134:~$ sudo apt-get update
Hit:1 http://ap-southeast-2.ec2.archive.ubuntu.com/ubuntu bionic InRelease
Get:2 http://ap-southeast-2.ec2.archive.ubuntu.com/ubuntu bionic-updates InRelease [88.7 kB]
Get:3 http://ap-southeast-2.ec2.archive.ubuntu.com/ubuntu bionic-backports InRelease [74.6 kB]
Get:4 http://ap-southeast-2.ec2.archive.ubuntu.com/ubuntu bionic/universe amd64 Packages [8570 kB]
Get:5 http://security.ubuntu.com/ubuntu bionic-security InRelease [88.7 kB]              
Get:6 http://ap-southeast-2.ec2.archive.ubuntu.com/ubuntu bionic/universe Translation-en [4941 kB]
Get:7 http://ap-southeast-2.ec2.archive.ubuntu.com/ubuntu bionic/multiverse amd64 Packages [151 kB]
Get:8 http://ap-southeast-2.ec2.archive.ubuntu.com/ubuntu bionic/multiverse Translation-en [108 kB]
Get:9 http://ap-southeast-2.ec2.archive.ubuntu.com/ubuntu bionic-updates/main amd64 Packages [1876 kB]
Get:10 http://ap-southeast-2.ec2.archive.ubuntu.com/ubuntu bionic-updates/main Translation-en [389 kB]
Get:11 http://ap-southeast-2.ec2.archive.ubuntu.com/ubuntu bionic-updates/restricted amd64 Packages [247 kB]
Get:12 http://ap-southeast-2.ec2.archive.ubuntu.com/ubuntu bionic-updates/restricted Translation-en [33.4 kB]
Get:13 http://ap-southeast-2.ec2.archive.ubuntu.com/ubuntu bionic-updates/universe amd64 Packages [1713 kB]
Get:14 http://ap-southeast-2.ec2.archive.ubuntu.com/ubuntu bionic-updates/universe Translation-en [362 kB]
Get:15 http://ap-southeast-2.ec2.archive.ubuntu.com/ubuntu bionic-updates/multiverse amd64 Packages [31.8 kB]
Get:16 http://ap-southeast-2.ec2.archive.ubuntu.com/ubuntu bionic-updates/multiverse Translation-en [7300 B]
Get:17 http://ap-southeast-2.ec2.archive.ubuntu.com/ubuntu bionic-backports/main amd64 Packages [10.0 kB]
Get:18 http://ap-southeast-2.ec2.archive.ubuntu.com/ubuntu bionic-backports/main Translation-en [4764 B]
Get:19 http://ap-southeast-2.ec2.archive.ubuntu.com/ubuntu bionic-backports/universe amd64 Packages [10.3 kB]
Get:20 http://ap-southeast-2.ec2.archive.ubuntu.com/ubuntu bionic-backports/universe Translation-en [4588 B]
Get:21 http://security.ubuntu.com/ubuntu bionic-security/main amd64 Packages [1535 kB]   
Get:22 http://security.ubuntu.com/ubuntu bionic-security/main Translation-en [297 kB]
Get:23 http://security.ubuntu.com/ubuntu bionic-security/restricted amd64 Packages [226 kB]
Get:24 http://security.ubuntu.com/ubuntu bionic-security/restricted Translation-en [29.9 kB]
Get:25 http://security.ubuntu.com/ubuntu bionic-security/universe amd64 Packages [1105 kB]
Get:26 http://security.ubuntu.com/ubuntu bionic-security/universe Translation-en [247 kB]
Get:27 http://security.ubuntu.com/ubuntu bionic-security/multiverse amd64 Packages [26.0 kB]
Get:28 http://security.ubuntu.com/ubuntu bionic-security/multiverse Translation-en [5272 B]
Fetched 22.2 MB in 5s (4927 kB/s)                                  
Reading package lists... Done
ubuntu@ip-172-31-43-134:~$ sudo apt-get install nginx
Reading package lists... Done
Building dependency tree       
Reading state information... Done
The following additional packages will be installed:
  fontconfig-config fonts-dejavu-core libfontconfig1 libgd3 libjbig0 libjpeg-turbo8
  libjpeg8 libnginx-mod-http-geoip libnginx-mod-http-image-filter
  libnginx-mod-http-xslt-filter libnginx-mod-mail libnginx-mod-stream libtiff5 libwebp6
  libxpm4 nginx-common nginx-core
Suggested packages:
  libgd-tools fcgiwrap nginx-doc ssl-cert
The following NEW packages will be installed:
  fontconfig-config fonts-dejavu-core libfontconfig1 libgd3 libjbig0 libjpeg-turbo8
  libjpeg8 libnginx-mod-http-geoip libnginx-mod-http-image-filter
  libnginx-mod-http-xslt-filter libnginx-mod-mail libnginx-mod-stream libtiff5 libwebp6
  libxpm4 nginx nginx-common nginx-core
0 upgraded, 18 newly installed, 0 to remove and 66 not upgraded.
Need to get 2462 kB of archives.
After this operation, 8210 kB of additional disk space will be used.
Do you want to continue? [Y/n] y
Get:1 http://ap-southeast-2.ec2.archive.ubuntu.com/ubuntu bionic-updates/main amd64 libjpeg-turbo8 amd64 1.5.2-0ubuntu5.18.04.4 [110 kB]
Get:2 http://ap-southeast-2.ec2.archive.ubuntu.com/ubuntu bionic/main amd64 fonts-dejavu-core all 2.37-1 [1041 kB]
Get:3 http://ap-southeast-2.ec2.archive.ubuntu.com/ubuntu bionic/main amd64 fontconfig-config all 2.12.6-0ubuntu2 [55.8 kB]
Get:4 http://ap-southeast-2.ec2.archive.ubuntu.com/ubuntu bionic/main amd64 libfontconfig1 amd64 2.12.6-0ubuntu2 [137 kB]
Get:5 http://ap-southeast-2.ec2.archive.ubuntu.com/ubuntu bionic/main amd64 libjpeg8 amd64 8c-2ubuntu8 [2194 B]
Get:6 http://ap-southeast-2.ec2.archive.ubuntu.com/ubuntu bionic/main amd64 libjbig0 amd64 2.1-3.1build1 [26.7 kB]
Get:7 http://ap-southeast-2.ec2.archive.ubuntu.com/ubuntu bionic-updates/main amd64 libtiff5 amd64 4.0.9-5ubuntu0.3 [153 kB]
Get:8 http://ap-southeast-2.ec2.archive.ubuntu.com/ubuntu bionic/main amd64 libwebp6 amd64 0.6.1-2 [185 kB]
Get:9 http://ap-southeast-2.ec2.archive.ubuntu.com/ubuntu bionic/main amd64 libxpm4 amd64 1:3.5.12-1 [34.0 kB]
Get:10 http://ap-southeast-2.ec2.archive.ubuntu.com/ubuntu bionic-updates/main amd64 libgd3 amd64 2.2.5-4ubuntu0.4 [119 kB]
Get:11 http://ap-southeast-2.ec2.archive.ubuntu.com/ubuntu bionic-updates/main amd64 nginx-common all 1.14.0-0ubuntu1.7 [37.4 kB]
Get:12 http://ap-southeast-2.ec2.archive.ubuntu.com/ubuntu bionic-updates/main amd64 libnginx-mod-http-geoip amd64 1.14.0-0ubuntu1.7 [11.2 kB]
Get:13 http://ap-southeast-2.ec2.archive.ubuntu.com/ubuntu bionic-updates/main amd64 libnginx-mod-http-image-filter amd64 1.14.0-0ubuntu1.7 [14.6 kB]
Get:14 http://ap-southeast-2.ec2.archive.ubuntu.com/ubuntu bionic-updates/main amd64 libnginx-mod-http-xslt-filter amd64 1.14.0-0ubuntu1.7 [13.0 kB]
Get:15 http://ap-southeast-2.ec2.archive.ubuntu.com/ubuntu bionic-updates/main amd64 libnginx-mod-mail amd64 1.14.0-0ubuntu1.7 [41.8 kB]
Get:16 http://ap-southeast-2.ec2.archive.ubuntu.com/ubuntu bionic-updates/main amd64 libnginx-mod-stream amd64 1.14.0-0ubuntu1.7 [63.7 kB]
Get:17 http://ap-southeast-2.ec2.archive.ubuntu.com/ubuntu bionic-updates/main amd64 nginx-core amd64 1.14.0-0ubuntu1.7 [413 kB]
Get:18 http://ap-southeast-2.ec2.archive.ubuntu.com/ubuntu bionic-updates/main amd64 nginx all 1.14.0-0ubuntu1.7 [3596 B]
Fetched 2462 kB in 0s (20.3 MB/s)
Preconfiguring packages ...
Selecting previously unselected package libjpeg-turbo8:amd64.
(Reading database ... 57090 files and directories currently installed.)
Preparing to unpack .../00-libjpeg-turbo8_1.5.2-0ubuntu5.18.04.4_amd64.deb ...
Unpacking libjpeg-turbo8:amd64 (1.5.2-0ubuntu5.18.04.4) ...
Selecting previously unselected package fonts-dejavu-core.
Preparing to unpack .../01-fonts-dejavu-core_2.37-1_all.deb ...
Unpacking fonts-dejavu-core (2.37-1) ...
Selecting previously unselected package fontconfig-config.
Preparing to unpack .../02-fontconfig-config_2.12.6-0ubuntu2_all.deb ...
Unpacking fontconfig-config (2.12.6-0ubuntu2) ...
Selecting previously unselected package libfontconfig1:amd64.
Preparing to unpack .../03-libfontconfig1_2.12.6-0ubuntu2_amd64.deb ...
Unpacking libfontconfig1:amd64 (2.12.6-0ubuntu2) ...
Selecting previously unselected package libjpeg8:amd64.
Preparing to unpack .../04-libjpeg8_8c-2ubuntu8_amd64.deb ...
Unpacking libjpeg8:amd64 (8c-2ubuntu8) ...
Selecting previously unselected package libjbig0:amd64.
Preparing to unpack .../05-libjbig0_2.1-3.1build1_amd64.deb ...
Unpacking libjbig0:amd64 (2.1-3.1build1) ...
Selecting previously unselected package libtiff5:amd64.
Preparing to unpack .../06-libtiff5_4.0.9-5ubuntu0.3_amd64.deb ...
Unpacking libtiff5:amd64 (4.0.9-5ubuntu0.3) ...
Selecting previously unselected package libwebp6:amd64.
Preparing to unpack .../07-libwebp6_0.6.1-2_amd64.deb ...
Unpacking libwebp6:amd64 (0.6.1-2) ...
Selecting previously unselected package libxpm4:amd64.
Preparing to unpack .../08-libxpm4_1%3a3.5.12-1_amd64.deb ...
Unpacking libxpm4:amd64 (1:3.5.12-1) ...
Selecting previously unselected package libgd3:amd64.
Preparing to unpack .../09-libgd3_2.2.5-4ubuntu0.4_amd64.deb ...
Unpacking libgd3:amd64 (2.2.5-4ubuntu0.4) ...
Selecting previously unselected package nginx-common.
Preparing to unpack .../10-nginx-common_1.14.0-0ubuntu1.7_all.deb ...
Unpacking nginx-common (1.14.0-0ubuntu1.7) ...
Selecting previously unselected package libnginx-mod-http-geoip.
Preparing to unpack .../11-libnginx-mod-http-geoip_1.14.0-0ubuntu1.7_amd64.deb ...
Unpacking libnginx-mod-http-geoip (1.14.0-0ubuntu1.7) ...
Selecting previously unselected package libnginx-mod-http-image-filter.
Preparing to unpack .../12-libnginx-mod-http-image-filter_1.14.0-0ubuntu1.7_amd64.deb ...
Unpacking libnginx-mod-http-image-filter (1.14.0-0ubuntu1.7) ...
Selecting previously unselected package libnginx-mod-http-xslt-filter.
Preparing to unpack .../13-libnginx-mod-http-xslt-filter_1.14.0-0ubuntu1.7_amd64.deb ...
Unpacking libnginx-mod-http-xslt-filter (1.14.0-0ubuntu1.7) ...
Selecting previously unselected package libnginx-mod-mail.
Preparing to unpack .../14-libnginx-mod-mail_1.14.0-0ubuntu1.7_amd64.deb ...
Unpacking libnginx-mod-mail (1.14.0-0ubuntu1.7) ...
Selecting previously unselected package libnginx-mod-stream.
Preparing to unpack .../15-libnginx-mod-stream_1.14.0-0ubuntu1.7_amd64.deb ...
Unpacking libnginx-mod-stream (1.14.0-0ubuntu1.7) ...
Selecting previously unselected package nginx-core.
Preparing to unpack .../16-nginx-core_1.14.0-0ubuntu1.7_amd64.deb ...
Unpacking nginx-core (1.14.0-0ubuntu1.7) ...
Selecting previously unselected package nginx.
Preparing to unpack .../17-nginx_1.14.0-0ubuntu1.7_all.deb ...
Unpacking nginx (1.14.0-0ubuntu1.7) ...
Setting up libjbig0:amd64 (2.1-3.1build1) ...
Setting up fonts-dejavu-core (2.37-1) ...
Setting up nginx-common (1.14.0-0ubuntu1.7) ...
Created symlink /etc/systemd/system/multi-user.target.wants/nginx.service → /lib/systemd/system/nginx.service.
Setting up libjpeg-turbo8:amd64 (1.5.2-0ubuntu5.18.04.4) ...
Setting up libnginx-mod-mail (1.14.0-0ubuntu1.7) ...
Setting up libxpm4:amd64 (1:3.5.12-1) ...
Setting up libnginx-mod-http-xslt-filter (1.14.0-0ubuntu1.7) ...
Setting up libnginx-mod-http-geoip (1.14.0-0ubuntu1.7) ...
Setting up libwebp6:amd64 (0.6.1-2) ...
Setting up libjpeg8:amd64 (8c-2ubuntu8) ...
Setting up fontconfig-config (2.12.6-0ubuntu2) ...
Setting up libnginx-mod-stream (1.14.0-0ubuntu1.7) ...
Setting up libtiff5:amd64 (4.0.9-5ubuntu0.3) ...
Setting up libfontconfig1:amd64 (2.12.6-0ubuntu2) ...
Setting up libgd3:amd64 (2.2.5-4ubuntu0.4) ...
Setting up libnginx-mod-http-image-filter (1.14.0-0ubuntu1.7) ...
Setting up nginx-core (1.14.0-0ubuntu1.7) ...
Setting up nginx (1.14.0-0ubuntu1.7) ...
Processing triggers for systemd (237-3ubuntu10.42) ...
Processing triggers for man-db (2.8.3-2ubuntu0.1) ...
Processing triggers for ufw (0.36-0ubuntu0.18.04.1) ...
Processing triggers for ureadahead (0.100.0-21) ...
Processing triggers for libc-bin (2.27-3ubuntu1.2) ...
ubuntu@ip-172-31-43-134:~$ sudo service nginx status
● nginx.service - A high performance web server and a reverse proxy server
   Loaded: loaded (/lib/systemd/system/nginx.service; enabled; vendor preset: enabled)
   Active: active (running) since Tue 2021-02-02 09:37:00 UTC; 1min 20s ago
     Docs: man:nginx(8)
 Main PID: 2703 (nginx)
    Tasks: 2 (limit: 1140)
   CGroup: /system.slice/nginx.service
           ├─2703 nginx: master process /usr/sbin/nginx -g daemon on; master_process on;
           └─2706 nginx: worker process

Feb 02 09:37:00 ip-172-31-43-134 systemd[1]: Starting A high performance web server and a 
Feb 02 09:37:00 ip-172-31-43-134 systemd[1]: nginx.service: Failed to parse PID from file 
Feb 02 09:37:00 ip-172-31-43-134 systemd[1]: Started A high performance web server and a r
...skipping...
● nginx.service - A high performance web server and a reverse proxy server
   Loaded: loaded (/lib/systemd/system/nginx.service; enabled; vendor preset: enabled)
   Active: active (running) since Tue 2021-02-02 09:37:00 UTC; 1min 20s ago
     Docs: man:nginx(8)
 Main PID: 2703 (nginx)
    Tasks: 2 (limit: 1140)
   CGroup: /system.slice/nginx.service
           ├─2703 nginx: master process /usr/sbin/nginx -g daemon on; master_process on;
           └─2706 nginx: worker process

Feb 02 09:37:00 ip-172-31-43-134 systemd[1]: Starting A high performance web server and a 
Feb 02 09:37:00 ip-172-31-43-134 systemd[1]: nginx.service: Failed to parse PID from file 
Feb 02 09:37:00 ip-172-31-43-134 systemd[1]: Started A high performance web server and a r
~
~
~
~
~
~
~
 ESCOC





















er and a reverse proxy server
service; enabled; vendor preset: enabled)
-02 09:37:00 UTC; 1min 20s ago




sbin/nginx -g daemon on; master_process on;


Starting A high performance web server and a reverse proxy server...
nginx.service: Failed to parse PID from file /run/nginx.pid: Invalid argument
Started A high performance web server and a reverse proxy server.
~
~
~
~
~
~
~
...skipping...
er and a reverse proxy server
service; enabled; vendor preset: enabled)
-02 09:37:00 UTC; 1min 20s ago




sbin/nginx -g daemon on; master_process on;


Starting A high performance web server and a reverse proxy server...
nginx.service: Failed to parse PID from file /run/nginx.pid: Invalid argument
Started A high performance web server and a reverse proxy server.
~
~
~
~
~
~
~
 ESCOC































reverse proxy server...
/run/nginx.pid: Invalid argument
everse proxy server.
~
~
~
~
~
~
~
 ESCOC


































~
~
~
~
~
~
~
lines 1-13/13 (END)



















lines 1-9/13 60%









lines 1-4/13 33%













lines 1-6/13 39%

































lines 1-13/13 (END)







































~
~
~
~
~
~
lines 1-13/13 (END)

































~
~
~
~
~
~
lines 1-13/13 (END)

































~
~
~
~
~
~
lines 1-13/13 (END)

































~
~
~
~
~
~
lines 1-13/13 (END)

































~
~
~
~
~
~
lines 1-13/13 (END)

































~
~
~
~
~
~
lines 1-13/13 (END)

































~
~
~
~
~
~
lines 1-13/13 (END)

































~
~
~
~
~
~
lines 1-13/13 (END)
ubuntu@ip-172-31-43-134:~$ cd /etc/nginx/
ubuntu@ip-172-31-43-134:/etc/nginx$ pwd
/etc/nginx
ubuntu@ip-172-31-43-134:/etc/nginx$ ll
total 72
drwxr-xr-x  8 root root 4096 Feb  2 09:36 ./
drwxr-xr-x 90 root root 4096 Feb  2 09:37 ../
drwxr-xr-x  2 root root 4096 Jan 10  2020 conf.d/
-rw-r--r--  1 root root 1077 Apr  6  2018 fastcgi.conf
-rw-r--r--  1 root root 1007 Apr  6  2018 fastcgi_params
-rw-r--r--  1 root root 2837 Apr  6  2018 koi-utf
-rw-r--r--  1 root root 2223 Apr  6  2018 koi-win
-rw-r--r--  1 root root 3957 Apr  6  2018 mime.types
drwxr-xr-x  2 root root 4096 Jan 10  2020 modules-available/
drwxr-xr-x  2 root root 4096 Feb  2 09:37 modules-enabled/
-rw-r--r--  1 root root 1482 Apr  6  2018 nginx.conf
-rw-r--r--  1 root root  180 Apr  6  2018 proxy_params
-rw-r--r--  1 root root  636 Apr  6  2018 scgi_params
drwxr-xr-x  2 root root 4096 Feb  2 09:36 sites-available/
drwxr-xr-x  2 root root 4096 Feb  2 09:36 sites-enabled/
drwxr-xr-x  2 root root 4096 Feb  2 09:36 snippets/
-rw-r--r--  1 root root  664 Apr  6  2018 uwsgi_params
-rw-r--r--  1 root root 3071 Apr  6  2018 win-utf
ubuntu@ip-172-31-43-134:/etc/nginx$ less nginx.conf
ubuntu@ip-172-31-43-134:/etc/nginx$ less sites-enabled/
sites-enabled/ is a directory
ubuntu@ip-172-31-43-134:/etc/nginx$ less sites-enabled/default
ubuntu@ip-172-31-43-134:/etc/nginx$ 
ubuntu@ip-172-31-43-134:/etc/nginx$ 
ubuntu@ip-172-31-43-134:/etc/nginx$ less sites-enabled/default
ubuntu@ip-172-31-43-134:/etc/nginx$ less sites-enabled/default
ubuntu@ip-172-31-43-134:/etc/nginx$ less /var/www/html/index.nginx-debian.html
ubuntu@ip-172-31-43-134:/etc/nginx$ less /var/www/html/index.nginx-debian.html
ubuntu@ip-172-31-43-134:/etc/nginx$ cd sites-enabled/
ubuntu@ip-172-31-43-134:/etc/nginx/sites-enabled$ ls
default
ubuntu@ip-172-31-43-134:/etc/nginx/sites-enabled$ ll
total 8
drwxr-xr-x 2 root root 4096 Feb  2 09:36 ./
drwxr-xr-x 8 root root 4096 Feb  2 09:36 ../
lrwxrwxrwx 1 root root   34 Feb  2 09:36 default -> /etc/nginx/sites-available/default
ubuntu@ip-172-31-43-134:/etc/nginx/sites-enabled$ sudo unlink default
ubuntu@ip-172-31-43-134:/etc/nginx/sites-enabled$ ll
total 8
drwxr-xr-x 2 root root 4096 Feb  2 12:18 ./
drwxr-xr-x 8 root root 4096 Feb  2 09:36 ../
ubuntu@ip-172-31-43-134:/etc/nginx/sites-enabled$ ls
ubuntu@ip-172-31-43-134:/etc/nginx/sites-enabled$ cd ../sites-available/
ubuntu@ip-172-31-43-134:/etc/nginx/sites-available$ ll
total 12
drwxr-xr-x 2 root root 4096 Feb  2 09:36 ./
drwxr-xr-x 8 root root 4096 Feb  2 09:36 ../
-rw-r--r-- 1 root root 2416 Apr  6  2018 default
ubuntu@ip-172-31-43-134:/etc/nginx/sites-available$ sudo vim bhp.conf

[1]+  Stopped                 sudo vim bhp.conf
ubuntu@ip-172-31-43-134:/etc/nginx/sites-available$ packet_write_wait: Connection to 3.24.208.19 port 22: Broken pipe
(base) Apples-MacBook-Pro:var apple$ 
(base) Apples-MacBook-Pro:var apple$ ssh -i "/usr/local/var/bhp_newpair.pem.txt" ubuntu@ec2-3-24-208-19.ap-southeast-2.compute.amazonaws.com
Welcome to Ubuntu 18.04.5 LTS (GNU/Linux 5.4.0-1029-aws x86_64)

 * Documentation:  https://help.ubuntu.com
 * Management:     https://landscape.canonical.com
 * Support:        https://ubuntu.com/advantage

  System information as of Wed Feb  3 07:02:03 UTC 2021

  System load:  0.0               Processes:           98
  Usage of /:   22.4% of 7.69GB   Users logged in:     0
  Memory usage: 26%               IP address for eth0: 172.31.43.134
  Swap usage:   0%

 * Introducing self-healing high availability clusters in MicroK8s.
   Simple, hardened, Kubernetes for production, from RaspberryPi to DC.

     https://microk8s.io/high-availability

 * Canonical Livepatch is available for installation.
   - Reduce system reboots and improve kernel security. Activate at:
     https://ubuntu.com/livepatch

28 packages can be updated.
0 updates are security updates.

New release '20.04.1 LTS' available.
Run 'do-release-upgrade' to upgrade to it.


*** System restart required ***
Last login: Tue Feb  2 08:55:25 2021 from 94.204.165.59
ubuntu@ip-172-31-43-134:~$ sudo vim bhp.conf
ubuntu@ip-172-31-43-134:~$ sudo vim bhp.conf
ubuntu@ip-172-31-43-134:~$ 
ubuntu@ip-172-31-43-134:~$ sudo service nginx status
● nginx.service - A high performance web server and a reverse proxy server
   Loaded: loaded (/lib/systemd/system/nginx.service; enabled; vendor preset: enabled)
   Active: active (running) since Tue 2021-02-02 09:37:00 UTC; 22h ago
     Docs: man:nginx(8)
 Main PID: 2703 (nginx)
    Tasks: 2 (limit: 1140)
   CGroup: /system.slice/nginx.service
           ├─2703 nginx: master process /usr/sbin/nginx -g daemon on; master_process on;
           └─2706 nginx: worker process

Feb 02 09:37:00 ip-172-31-43-134 systemd[1]: Starting A high performance web server and a rever
Feb 02 09:37:00 ip-172-31-43-134 systemd[1]: nginx.service: Failed to parse PID from file /run/
Feb 02 09:37:00 ip-172-31-43-134 systemd[1]: Started A high performance web server and a revers
lines 1-13/13 (END)
ubuntu@ip-172-31-43-134:~$ cd /etc/nginx
ubuntu@ip-172-31-43-134:/etc/nginx$ ll
total 72
drwxr-xr-x  8 root root 4096 Feb  2 09:36 ./
drwxr-xr-x 90 root root 4096 Feb  3 06:51 ../
drwxr-xr-x  2 root root 4096 Jan 10  2020 conf.d/
-rw-r--r--  1 root root 1077 Apr  6  2018 fastcgi.conf
-rw-r--r--  1 root root 1007 Apr  6  2018 fastcgi_params
-rw-r--r--  1 root root 2837 Apr  6  2018 koi-utf
-rw-r--r--  1 root root 2223 Apr  6  2018 koi-win
-rw-r--r--  1 root root 3957 Apr  6  2018 mime.types
drwxr-xr-x  2 root root 4096 Jan 10  2020 modules-available/
drwxr-xr-x  2 root root 4096 Feb  2 09:37 modules-enabled/
-rw-r--r--  1 root root 1482 Apr  6  2018 nginx.conf
-rw-r--r--  1 root root  180 Apr  6  2018 proxy_params
-rw-r--r--  1 root root  636 Apr  6  2018 scgi_params
drwxr-xr-x  2 root root 4096 Feb  2 12:21 sites-available/
drwxr-xr-x  2 root root 4096 Feb  2 12:18 sites-enabled/
drwxr-xr-x  2 root root 4096 Feb  2 09:36 snippets/
-rw-r--r--  1 root root  664 Apr  6  2018 uwsgi_params
-rw-r--r--  1 root root 3071 Apr  6  2018 win-utf
ubuntu@ip-172-31-43-134:/etc/nginx$ less nginx.conf
ubuntu@ip-172-31-43-134:/etc/nginx$ less sites-enabled/default
sites-enabled/default: No such file or directory
ubuntu@ip-172-31-43-134:/etc/nginx$ less sites-enabled/default
sites-enabled/default: No such file or directory
ubuntu@ip-172-31-43-134:/etc/nginx$ cd sites-enabled/
ubuntu@ip-172-31-43-134:/etc/nginx/sites-enabled$ ls
ubuntu@ip-172-31-43-134:/etc/nginx/sites-enabled$ ll
total 8
drwxr-xr-x 2 root root 4096 Feb  2 12:18 ./
drwxr-xr-x 8 root root 4096 Feb  2 09:36 ../
ubuntu@ip-172-31-43-134:/etc/nginx/sites-enabled$ pwd
/etc/nginx/sites-enabled
ubuntu@ip-172-31-43-134:/etc/nginx/sites-enabled$ cd ../sites-available/
ubuntu@ip-172-31-43-134:/etc/nginx/sites-available$ ll
total 24
drwxr-xr-x 2 root root  4096 Feb  2 12:21 ./
drwxr-xr-x 8 root root  4096 Feb  2 09:36 ../
-rw------- 1 root root 12288 Feb  2 12:22 .bhp.conf.swp
-rw-r--r-- 1 root root  2416 Apr  6  2018 default
ubuntu@ip-172-31-43-134:/etc/nginx/sites-available$ sudo vim bhp.conf
ubuntu@ip-172-31-43-134:/etc/nginx/sites-enabled$  ln -v -s /etc/nginx/sites-available/bhp.conf inside /etc/nginx/sites-enabled
ln: failed to create symbolic link '/etc/nginx/sites-enabled/bhp.conf': Permission denied
ln: failed to create symbolic link '/etc/nginx/sites-enabled/inside': Permission denied
ubuntu@ip-172-31-43-134:/etc/nginx/sites-enabled$ ll
total 8
drwxr-xr-x 2 root root 4096 Feb  2 12:18 ./
drwxr-xr-x 8 root root 4096 Feb  2 09:36 ../
ubuntu@ip-172-31-43-134:/etc/nginx/sites-enabled$ sudo service nginx restart
ubuntu@ip-172-31-43-134:/etc/nginx/sites-enabled$ sudo service nginx status
● nginx.service - A high performance web server and a reverse proxy server
   Loaded: loaded (/lib/systemd/system/nginx.service; enabled; vendor preset: enabled)
   Active: active (running) since Wed 2021-02-03 08:12:23 UTC; 28s ago
     Docs: man:nginx(8)
  Process: 575 ExecStop=/sbin/start-stop-daemon --quiet --stop --retry QUIT/5 --pidfile /run/nginx
  Process: 590 ExecStart=/usr/sbin/nginx -g daemon on; master_process on; (code=exited, status=0/S
  Process: 578 ExecStartPre=/usr/sbin/nginx -t -q -g daemon on; master_process on; (code=exited, s
 Main PID: 595 (nginx)
    Tasks: 2 (limit: 1140)
   CGroup: /system.slice/nginx.service
           ├─595 nginx: master process /usr/sbin/nginx -g daemon on; master_process on;
           └─599 nginx: worker process

Feb 03 08:12:23 ip-172-31-43-134 systemd[1]: Stopped A high performance web server and a reverse p
Feb 03 08:12:23 ip-172-31-43-134 systemd[1]: Starting A high performance web server and a reverse 
Feb 03 08:12:23 ip-172-31-43-134 systemd[1]: nginx.service: Failed to parse PID from file /run/ngi
Feb 03 08:12:23 ip-172-31-43-134 systemd[1]: Started A high performance web server and a reverse p
lines 1-17/17 (END)




















● nginx.service - A high performance web server and a reverse proxy server
   Loaded: loaded (/lib/systemd/system/nginx.service; enabled; vendor preset: enabled)
   Active: active (running) since Wed 2021-02-03 08:12:23 UTC; 28s ago
     Docs: man:nginx(8)
  Process: 575 ExecStop=/sbin/start-stop-daemon --quiet --stop --retry QUIT/5 --pidfile /run/nginx.
  Process: 590 ExecStart=/usr/sbin/nginx -g daemon on; master_process on; (code=exited, status=0/SU
  Process: 578 ExecStartPre=/usr/sbin/nginx -t -q -g daemon on; master_process on; (code=exited, st
 Main PID: 595 (nginx)
    Tasks: 2 (limit: 1140)
   CGroup: /system.slice/nginx.service
           ├─595 nginx: master process /usr/sbin/nginx -g daemon on; master_process on;
           └─599 nginx: worker process

Feb 03 08:12:23 ip-172-31-43-134 systemd[1]: Stopped A high performance web server and a reverse pr
Feb 03 08:12:23 ip-172-31-43-134 systemd[1]: Starting A high performance web server and a reverse p
Feb 03 08:12:23 ip-172-31-43-134 systemd[1]: nginx.service: Failed to parse PID from file /run/ngin
Feb 03 08:12:23 ip-172-31-43-134 systemd[1]: Started A high performance web server and a reverse pr
~
~
lines 1-17/17 (END)




















● nginx.service - A high performance web server and a reverse proxy server
   Loaded: loaded (/lib/systemd/system/nginx.service; enabled; vendor preset: enabled)
   Active: active (running) since Wed 2021-02-03 08:12:23 UTC; 28s ago
     Docs: man:nginx(8)
  Process: 575 ExecStop=/sbin/start-stop-daemon --quiet --stop --retry QUIT/5 --pidfile /run/nginx.p
  Process: 590 ExecStart=/usr/sbin/nginx -g daemon on; master_process on; (code=exited, status=0/SUC
  Process: 578 ExecStartPre=/usr/sbin/nginx -t -q -g daemon on; master_process on; (code=exited, sta
 Main PID: 595 (nginx)
    Tasks: 2 (limit: 1140)
   CGroup: /system.slice/nginx.service
           ├─595 nginx: master process /usr/sbin/nginx -g daemon on; master_process on;
           └─599 nginx: worker process

Feb 03 08:12:23 ip-172-31-43-134 systemd[1]: Stopped A high performance web server and a reverse pro
Feb 03 08:12:23 ip-172-31-43-134 systemd[1]: Starting A high performance web server and a reverse pr
Feb 03 08:12:23 ip-172-31-43-134 systemd[1]: nginx.service: Failed to parse PID from file /run/nginx
Feb 03 08:12:23 ip-172-31-43-134 systemd[1]: Started A high performance web server and a reverse pro
~
~
lines 1-17/17 (END)




















● nginx.service - A high performance web server and a reverse proxy server
   Loaded: loaded (/lib/systemd/system/nginx.service; enabled; vendor preset: enabled)
   Active: active (running) since Wed 2021-02-03 08:12:23 UTC; 28s ago
     Docs: man:nginx(8)
  Process: 575 ExecStop=/sbin/start-stop-daemon --quiet --stop --retry QUIT/5 --pidfile /run/nginx.pi
  Process: 590 ExecStart=/usr/sbin/nginx -g daemon on; master_process on; (code=exited, status=0/SUCC
  Process: 578 ExecStartPre=/usr/sbin/nginx -t -q -g daemon on; master_process on; (code=exited, stat
 Main PID: 595 (nginx)
    Tasks: 2 (limit: 1140)
   CGroup: /system.slice/nginx.service
           ├─595 nginx: master process /usr/sbin/nginx -g daemon on; master_process on;
           └─599 nginx: worker process

Feb 03 08:12:23 ip-172-31-43-134 systemd[1]: Stopped A high performance web server and a reverse prox
Feb 03 08:12:23 ip-172-31-43-134 systemd[1]: Starting A high performance web server and a reverse pro
Feb 03 08:12:23 ip-172-31-43-134 systemd[1]: nginx.service: Failed to parse PID from file /run/nginx.
Feb 03 08:12:23 ip-172-31-43-134 systemd[1]: Started A high performance web server and a reverse prox
~
~
lines 1-17/17 (END)




















● nginx.service - A high performance web server and a reverse proxy server
   Loaded: loaded (/lib/systemd/system/nginx.service; enabled; vendor preset: enabled)
   Active: active (running) since Wed 2021-02-03 08:12:23 UTC; 28s ago
     Docs: man:nginx(8)
  Process: 575 ExecStop=/sbin/start-stop-daemon --quiet --stop --retry QUIT/5 --pidfile /run/nginx.pid
  Process: 590 ExecStart=/usr/sbin/nginx -g daemon on; master_process on; (code=exited, status=0/SUCCE
  Process: 578 ExecStartPre=/usr/sbin/nginx -t -q -g daemon on; master_process on; (code=exited, statu
 Main PID: 595 (nginx)
    Tasks: 2 (limit: 1140)
   CGroup: /system.slice/nginx.service
           ├─595 nginx: master process /usr/sbin/nginx -g daemon on; master_process on;
           └─599 nginx: worker process

Feb 03 08:12:23 ip-172-31-43-134 systemd[1]: Stopped A high performance web server and a reverse proxy
Feb 03 08:12:23 ip-172-31-43-134 systemd[1]: Starting A high performance web server and a reverse prox
Feb 03 08:12:23 ip-172-31-43-134 systemd[1]: nginx.service: Failed to parse PID from file /run/nginx.p
Feb 03 08:12:23 ip-172-31-43-134 systemd[1]: Started A high performance web server and a reverse proxy
~
~
lines 1-17/17 (END)




















● nginx.service - A high performance web server and a reverse proxy server
   Loaded: loaded (/lib/systemd/system/nginx.service; enabled; vendor preset: enabled)
   Active: active (running) since Wed 2021-02-03 08:12:23 UTC; 28s ago
     Docs: man:nginx(8)
  Process: 575 ExecStop=/sbin/start-stop-daemon --quiet --stop --retry QUIT/5 --pidfile /run/nginx.pid 
  Process: 590 ExecStart=/usr/sbin/nginx -g daemon on; master_process on; (code=exited, status=0/SUCCES
  Process: 578 ExecStartPre=/usr/sbin/nginx -t -q -g daemon on; master_process on; (code=exited, status
 Main PID: 595 (nginx)
    Tasks: 2 (limit: 1140)
   CGroup: /system.slice/nginx.service
           ├─595 nginx: master process /usr/sbin/nginx -g daemon on; master_process on;
           └─599 nginx: worker process

Feb 03 08:12:23 ip-172-31-43-134 systemd[1]: Stopped A high performance web server and a reverse proxy 
Feb 03 08:12:23 ip-172-31-43-134 systemd[1]: Starting A high performance web server and a reverse proxy
Feb 03 08:12:23 ip-172-31-43-134 systemd[1]: nginx.service: Failed to parse PID from file /run/nginx.pi
Feb 03 08:12:23 ip-172-31-43-134 systemd[1]: Started A high performance web server and a reverse proxy 
~
~
lines 1-17/17 (END)




















● nginx.service - A high performance web server and a reverse proxy server
   Loaded: loaded (/lib/systemd/system/nginx.service; enabled; vendor preset: enabled)
   Active: active (running) since Wed 2021-02-03 08:12:23 UTC; 28s ago
     Docs: man:nginx(8)
  Process: 575 ExecStop=/sbin/start-stop-daemon --quiet --stop --retry QUIT/5 --pidfile /run/nginx.pid (
  Process: 590 ExecStart=/usr/sbin/nginx -g daemon on; master_process on; (code=exited, status=0/SUCCESS
  Process: 578 ExecStartPre=/usr/sbin/nginx -t -q -g daemon on; master_process on; (code=exited, status=
 Main PID: 595 (nginx)
    Tasks: 2 (limit: 1140)
   CGroup: /system.slice/nginx.service
           ├─595 nginx: master process /usr/sbin/nginx -g daemon on; master_process on;
           └─599 nginx: worker process

Feb 03 08:12:23 ip-172-31-43-134 systemd[1]: Stopped A high performance web server and a reverse proxy s
Feb 03 08:12:23 ip-172-31-43-134 systemd[1]: Starting A high performance web server and a reverse proxy 
Feb 03 08:12:23 ip-172-31-43-134 systemd[1]: nginx.service: Failed to parse PID from file /run/nginx.pid
Feb 03 08:12:23 ip-172-31-43-134 systemd[1]: Started A high performance web server and a reverse proxy s
~
~
lines 1-17/17 (END)




















● nginx.service - A high performance web server and a reverse proxy server
   Loaded: loaded (/lib/systemd/system/nginx.service; enabled; vendor preset: enabled)
   Active: active (running) since Wed 2021-02-03 08:12:23 UTC; 28s ago
     Docs: man:nginx(8)
  Process: 575 ExecStop=/sbin/start-stop-daemon --quiet --stop --retry QUIT/5 --pidfile /run/nginx.pid (c
  Process: 590 ExecStart=/usr/sbin/nginx -g daemon on; master_process on; (code=exited, status=0/SUCCESS)
  Process: 578 ExecStartPre=/usr/sbin/nginx -t -q -g daemon on; master_process on; (code=exited, status=0
 Main PID: 595 (nginx)
    Tasks: 2 (limit: 1140)
   CGroup: /system.slice/nginx.service
           ├─595 nginx: master process /usr/sbin/nginx -g daemon on; master_process on;
           └─599 nginx: worker process

Feb 03 08:12:23 ip-172-31-43-134 systemd[1]: Stopped A high performance web server and a reverse proxy se
Feb 03 08:12:23 ip-172-31-43-134 systemd[1]: Starting A high performance web server and a reverse proxy s
Feb 03 08:12:23 ip-172-31-43-134 systemd[1]: nginx.service: Failed to parse PID from file /run/nginx.pid:
Feb 03 08:12:23 ip-172-31-43-134 systemd[1]: Started A high performance web server and a reverse proxy se
~
~
lines 1-17/17 (END)




















● nginx.service - A high performance web server and a reverse proxy server
   Loaded: loaded (/lib/systemd/system/nginx.service; enabled; vendor preset: enabled)
   Active: active (running) since Wed 2021-02-03 08:12:23 UTC; 28s ago
     Docs: man:nginx(8)
  Process: 575 ExecStop=/sbin/start-stop-daemon --quiet --stop --retry QUIT/5 --pidfile /run/nginx.pid (co
  Process: 590 ExecStart=/usr/sbin/nginx -g daemon on; master_process on; (code=exited, status=0/SUCCESS)
  Process: 578 ExecStartPre=/usr/sbin/nginx -t -q -g daemon on; master_process on; (code=exited, status=0/
 Main PID: 595 (nginx)
    Tasks: 2 (limit: 1140)
   CGroup: /system.slice/nginx.service
           ├─595 nginx: master process /usr/sbin/nginx -g daemon on; master_process on;
           └─599 nginx: worker process

Feb 03 08:12:23 ip-172-31-43-134 systemd[1]: Stopped A high performance web server and a reverse proxy ser
Feb 03 08:12:23 ip-172-31-43-134 systemd[1]: Starting A high performance web server and a reverse proxy se
Feb 03 08:12:23 ip-172-31-43-134 systemd[1]: nginx.service: Failed to parse PID from file /run/nginx.pid: 
Feb 03 08:12:23 ip-172-31-43-134 systemd[1]: Started A high performance web server and a reverse proxy ser
~
~
lines 1-17/17 (END)




















● nginx.service - A high performance web server and a reverse proxy server
   Loaded: loaded (/lib/systemd/system/nginx.service; enabled; vendor preset: enabled)
   Active: active (running) since Wed 2021-02-03 08:12:23 UTC; 28s ago
     Docs: man:nginx(8)
  Process: 575 ExecStop=/sbin/start-stop-daemon --quiet --stop --retry QUIT/5 --pidfile /run/nginx.pid (cod
  Process: 590 ExecStart=/usr/sbin/nginx -g daemon on; master_process on; (code=exited, status=0/SUCCESS)
  Process: 578 ExecStartPre=/usr/sbin/nginx -t -q -g daemon on; master_process on; (code=exited, status=0/S
 Main PID: 595 (nginx)
    Tasks: 2 (limit: 1140)
   CGroup: /system.slice/nginx.service
           ├─595 nginx: master process /usr/sbin/nginx -g daemon on; master_process on;
           └─599 nginx: worker process

Feb 03 08:12:23 ip-172-31-43-134 systemd[1]: Stopped A high performance web server and a reverse proxy serv
Feb 03 08:12:23 ip-172-31-43-134 systemd[1]: Starting A high performance web server and a reverse proxy ser
Feb 03 08:12:23 ip-172-31-43-134 systemd[1]: nginx.service: Failed to parse PID from file /run/nginx.pid: I
Feb 03 08:12:23 ip-172-31-43-134 systemd[1]: Started A high performance web server and a reverse proxy serv
~
~
lines 1-17/17 (END)




















● nginx.service - A high performance web server and a reverse proxy server
   Loaded: loaded (/lib/systemd/system/nginx.service; enabled; vendor preset: enabled)
   Active: active (running) since Wed 2021-02-03 08:12:23 UTC; 28s ago
     Docs: man:nginx(8)
  Process: 575 ExecStop=/sbin/start-stop-daemon --quiet --stop --retry QUIT/5 --pidfile /run/nginx.pid (code
  Process: 590 ExecStart=/usr/sbin/nginx -g daemon on; master_process on; (code=exited, status=0/SUCCESS)
  Process: 578 ExecStartPre=/usr/sbin/nginx -t -q -g daemon on; master_process on; (code=exited, status=0/SU
 Main PID: 595 (nginx)
    Tasks: 2 (limit: 1140)
   CGroup: /system.slice/nginx.service
           ├─595 nginx: master process /usr/sbin/nginx -g daemon on; master_process on;
           └─599 nginx: worker process

Feb 03 08:12:23 ip-172-31-43-134 systemd[1]: Stopped A high performance web server and a reverse proxy serve
Feb 03 08:12:23 ip-172-31-43-134 systemd[1]: Starting A high performance web server and a reverse proxy serv
Feb 03 08:12:23 ip-172-31-43-134 systemd[1]: nginx.service: Failed to parse PID from file /run/nginx.pid: In
Feb 03 08:12:23 ip-172-31-43-134 systemd[1]: Started A high performance web server and a reverse proxy serve
~
~
lines 1-17/17 (END)




















● nginx.service - A high performance web server and a reverse proxy server
   Loaded: loaded (/lib/systemd/system/nginx.service; enabled; vendor preset: enabled)
   Active: active (running) since Wed 2021-02-03 08:12:23 UTC; 28s ago
     Docs: man:nginx(8)
  Process: 575 ExecStop=/sbin/start-stop-daemon --quiet --stop --retry QUIT/5 --pidfile /run/nginx.pid (code=
  Process: 590 ExecStart=/usr/sbin/nginx -g daemon on; master_process on; (code=exited, status=0/SUCCESS)
  Process: 578 ExecStartPre=/usr/sbin/nginx -t -q -g daemon on; master_process on; (code=exited, status=0/SUC
 Main PID: 595 (nginx)
    Tasks: 2 (limit: 1140)
   CGroup: /system.slice/nginx.service
           ├─595 nginx: master process /usr/sbin/nginx -g daemon on; master_process on;
           └─599 nginx: worker process

Feb 03 08:12:23 ip-172-31-43-134 systemd[1]: Stopped A high performance web server and a reverse proxy server
Feb 03 08:12:23 ip-172-31-43-134 systemd[1]: Starting A high performance web server and a reverse proxy serve
Feb 03 08:12:23 ip-172-31-43-134 systemd[1]: nginx.service: Failed to parse PID from file /run/nginx.pid: Inv
Feb 03 08:12:23 ip-172-31-43-134 systemd[1]: Started A high performance web server and a reverse proxy server
~
~
lines 1-17/17 (END)




















● nginx.service - A high performance web server and a reverse proxy server
   Loaded: loaded (/lib/systemd/system/nginx.service; enabled; vendor preset: enabled)
   Active: active (running) since Wed 2021-02-03 08:12:23 UTC; 28s ago
     Docs: man:nginx(8)
  Process: 575 ExecStop=/sbin/start-stop-daemon --quiet --stop --retry QUIT/5 --pidfile /run/nginx.pid (code
  Process: 590 ExecStart=/usr/sbin/nginx -g daemon on; master_process on; (code=exited, status=0/SUCCESS)
  Process: 578 ExecStartPre=/usr/sbin/nginx -t -q -g daemon on; master_process on; (code=exited, status=0/SU
 Main PID: 595 (nginx)
    Tasks: 2 (limit: 1140)
   CGroup: /system.slice/nginx.service
           ├─595 nginx: master process /usr/sbin/nginx -g daemon on; master_process on;
           └─599 nginx: worker process

Feb 03 08:12:23 ip-172-31-43-134 systemd[1]: Stopped A high performance web server and a reverse proxy serve
Feb 03 08:12:23 ip-172-31-43-134 systemd[1]: Starting A high performance web server and a reverse proxy serv
Feb 03 08:12:23 ip-172-31-43-134 systemd[1]: nginx.service: Failed to parse PID from file /run/nginx.pid: In
Feb 03 08:12:23 ip-172-31-43-134 systemd[1]: Started A high performance web server and a reverse proxy serve
~
~
lines 1-17/17 (END)




















● nginx.service - A high performance web server and a reverse proxy server
   Loaded: loaded (/lib/systemd/system/nginx.service; enabled; vendor preset: enabled)
   Active: active (running) since Wed 2021-02-03 08:12:23 UTC; 28s ago
     Docs: man:nginx(8)
  Process: 575 ExecStop=/sbin/start-stop-daemon --quiet --stop --retry QUIT/5 --pidfile /run/nginx.pid (cod
  Process: 590 ExecStart=/usr/sbin/nginx -g daemon on; master_process on; (code=exited, status=0/SUCCESS)
  Process: 578 ExecStartPre=/usr/sbin/nginx -t -q -g daemon on; master_process on; (code=exited, status=0/S
 Main PID: 595 (nginx)
    Tasks: 2 (limit: 1140)
   CGroup: /system.slice/nginx.service
           ├─595 nginx: master process /usr/sbin/nginx -g daemon on; master_process on;
           └─599 nginx: worker process

Feb 03 08:12:23 ip-172-31-43-134 systemd[1]: Stopped A high performance web server and a reverse proxy serv
Feb 03 08:12:23 ip-172-31-43-134 systemd[1]: Starting A high performance web server and a reverse proxy ser
Feb 03 08:12:23 ip-172-31-43-134 systemd[1]: nginx.service: Failed to parse PID from file /run/nginx.pid: I
Feb 03 08:12:23 ip-172-31-43-134 systemd[1]: Started A high performance web server and a reverse proxy serv
~
~
lines 1-17/17 (END)




















● nginx.service - A high performance web server and a reverse proxy server
   Loaded: loaded (/lib/systemd/system/nginx.service; enabled; vendor preset: enabled)
   Active: active (running) since Wed 2021-02-03 08:12:23 UTC; 28s ago
     Docs: man:nginx(8)
  Process: 575 ExecStop=/sbin/start-stop-daemon --quiet --stop --retry QUIT/5 --pidfile /run/nginx.pid (co
  Process: 590 ExecStart=/usr/sbin/nginx -g daemon on; master_process on; (code=exited, status=0/SUCCESS)
  Process: 578 ExecStartPre=/usr/sbin/nginx -t -q -g daemon on; master_process on; (code=exited, status=0/
 Main PID: 595 (nginx)
    Tasks: 2 (limit: 1140)
   CGroup: /system.slice/nginx.service
           ├─595 nginx: master process /usr/sbin/nginx -g daemon on; master_process on;
           └─599 nginx: worker process

Feb 03 08:12:23 ip-172-31-43-134 systemd[1]: Stopped A high performance web server and a reverse proxy ser
Feb 03 08:12:23 ip-172-31-43-134 systemd[1]: Starting A high performance web server and a reverse proxy se
Feb 03 08:12:23 ip-172-31-43-134 systemd[1]: nginx.service: Failed to parse PID from file /run/nginx.pid: 
Feb 03 08:12:23 ip-172-31-43-134 systemd[1]: Started A high performance web server and a reverse proxy ser
~
~
lines 1-17/17 (END)




















● nginx.service - A high performance web server and a reverse proxy server
   Loaded: loaded (/lib/systemd/system/nginx.service; enabled; vendor preset: enabled)
   Active: active (running) since Wed 2021-02-03 08:12:23 UTC; 28s ago
     Docs: man:nginx(8)
  Process: 575 ExecStop=/sbin/start-stop-daemon --quiet --stop --retry QUIT/5 --pidfile /run/nginx.pid (c
  Process: 590 ExecStart=/usr/sbin/nginx -g daemon on; master_process on; (code=exited, status=0/SUCCESS)
  Process: 578 ExecStartPre=/usr/sbin/nginx -t -q -g daemon on; master_process on; (code=exited, status=0
 Main PID: 595 (nginx)
    Tasks: 2 (limit: 1140)
   CGroup: /system.slice/nginx.service
           ├─595 nginx: master process /usr/sbin/nginx -g daemon on; master_process on;
           └─599 nginx: worker process

Feb 03 08:12:23 ip-172-31-43-134 systemd[1]: Stopped A high performance web server and a reverse proxy se
Feb 03 08:12:23 ip-172-31-43-134 systemd[1]: Starting A high performance web server and a reverse proxy s
Feb 03 08:12:23 ip-172-31-43-134 systemd[1]: nginx.service: Failed to parse PID from file /run/nginx.pid:
Feb 03 08:12:23 ip-172-31-43-134 systemd[1]: Started A high performance web server and a reverse proxy se
~
~
lines 1-17/17 (END)




















● nginx.service - A high performance web server and a reverse proxy server
   Loaded: loaded (/lib/systemd/system/nginx.service; enabled; vendor preset: enabled)
   Active: active (running) since Wed 2021-02-03 08:12:23 UTC; 28s ago
     Docs: man:nginx(8)
  Process: 575 ExecStop=/sbin/start-stop-daemon --quiet --stop --retry QUIT/5 --pidfile /run/nginx.pid (
  Process: 590 ExecStart=/usr/sbin/nginx -g daemon on; master_process on; (code=exited, status=0/SUCCESS
  Process: 578 ExecStartPre=/usr/sbin/nginx -t -q -g daemon on; master_process on; (code=exited, status=
 Main PID: 595 (nginx)
    Tasks: 2 (limit: 1140)
   CGroup: /system.slice/nginx.service
           ├─595 nginx: master process /usr/sbin/nginx -g daemon on; master_process on;
           └─599 nginx: worker process

Feb 03 08:12:23 ip-172-31-43-134 systemd[1]: Stopped A high performance web server and a reverse proxy s
Feb 03 08:12:23 ip-172-31-43-134 systemd[1]: Starting A high performance web server and a reverse proxy 
Feb 03 08:12:23 ip-172-31-43-134 systemd[1]: nginx.service: Failed to parse PID from file /run/nginx.pid
Feb 03 08:12:23 ip-172-31-43-134 systemd[1]: Started A high performance web server and a reverse proxy s
~
~
lines 1-17/17 (END)




















● nginx.service - A high performance web server and a reverse proxy server
   Loaded: loaded (/lib/systemd/system/nginx.service; enabled; vendor preset: enabled)
   Active: active (running) since Wed 2021-02-03 08:12:23 UTC; 28s ago
     Docs: man:nginx(8)
  Process: 575 ExecStop=/sbin/start-stop-daemon --quiet --stop --retry QUIT/5 --pidfile /run/nginx.pid 
  Process: 590 ExecStart=/usr/sbin/nginx -g daemon on; master_process on; (code=exited, status=0/SUCCES
  Process: 578 ExecStartPre=/usr/sbin/nginx -t -q -g daemon on; master_process on; (code=exited, status
 Main PID: 595 (nginx)
    Tasks: 2 (limit: 1140)
   CGroup: /system.slice/nginx.service
           ├─595 nginx: master process /usr/sbin/nginx -g daemon on; master_process on;
           └─599 nginx: worker process

Feb 03 08:12:23 ip-172-31-43-134 systemd[1]: Stopped A high performance web server and a reverse proxy 
Feb 03 08:12:23 ip-172-31-43-134 systemd[1]: Starting A high performance web server and a reverse proxy
Feb 03 08:12:23 ip-172-31-43-134 systemd[1]: nginx.service: Failed to parse PID from file /run/nginx.pi
Feb 03 08:12:23 ip-172-31-43-134 systemd[1]: Started A high performance web server and a reverse proxy 
~
~
lines 1-17/17 (END)




















● nginx.service - A high performance web server and a reverse proxy server
   Loaded: loaded (/lib/systemd/system/nginx.service; enabled; vendor preset: enabled)
   Active: active (running) since Wed 2021-02-03 08:12:23 UTC; 28s ago
     Docs: man:nginx(8)
  Process: 575 ExecStop=/sbin/start-stop-daemon --quiet --stop --retry QUIT/5 --pidfile /run/nginx.pid
  Process: 590 ExecStart=/usr/sbin/nginx -g daemon on; master_process on; (code=exited, status=0/SUCCE
  Process: 578 ExecStartPre=/usr/sbin/nginx -t -q -g daemon on; master_process on; (code=exited, statu
 Main PID: 595 (nginx)
    Tasks: 2 (limit: 1140)
   CGroup: /system.slice/nginx.service
           ├─595 nginx: master process /usr/sbin/nginx -g daemon on; master_process on;
           └─599 nginx: worker process

Feb 03 08:12:23 ip-172-31-43-134 systemd[1]: Stopped A high performance web server and a reverse proxy
Feb 03 08:12:23 ip-172-31-43-134 systemd[1]: Starting A high performance web server and a reverse prox
Feb 03 08:12:23 ip-172-31-43-134 systemd[1]: nginx.service: Failed to parse PID from file /run/nginx.p
Feb 03 08:12:23 ip-172-31-43-134 systemd[1]: Started A high performance web server and a reverse proxy
~
~
lines 1-17/17 (END)




















● nginx.service - A high performance web server and a reverse proxy server
   Loaded: loaded (/lib/systemd/system/nginx.service; enabled; vendor preset: enabled)
   Active: active (running) since Wed 2021-02-03 08:12:23 UTC; 28s ago
     Docs: man:nginx(8)
  Process: 575 ExecStop=/sbin/start-stop-daemon --quiet --stop --retry QUIT/5 --pidfile /run/nginx.pi
  Process: 590 ExecStart=/usr/sbin/nginx -g daemon on; master_process on; (code=exited, status=0/SUCC
  Process: 578 ExecStartPre=/usr/sbin/nginx -t -q -g daemon on; master_process on; (code=exited, stat
 Main PID: 595 (nginx)
    Tasks: 2 (limit: 1140)
   CGroup: /system.slice/nginx.service
           ├─595 nginx: master process /usr/sbin/nginx -g daemon on; master_process on;
           └─599 nginx: worker process

Feb 03 08:12:23 ip-172-31-43-134 systemd[1]: Stopped A high performance web server and a reverse prox
Feb 03 08:12:23 ip-172-31-43-134 systemd[1]: Starting A high performance web server and a reverse pro
Feb 03 08:12:23 ip-172-31-43-134 systemd[1]: nginx.service: Failed to parse PID from file /run/nginx.
Feb 03 08:12:23 ip-172-31-43-134 systemd[1]: Started A high performance web server and a reverse prox
~
~
lines 1-17/17 (END)




















● nginx.service - A high performance web server and a reverse proxy server
   Loaded: loaded (/lib/systemd/system/nginx.service; enabled; vendor preset: enabled)
   Active: active (running) since Wed 2021-02-03 08:12:23 UTC; 28s ago
     Docs: man:nginx(8)
  Process: 575 ExecStop=/sbin/start-stop-daemon --quiet --stop --retry QUIT/5 --pidfile /run/nginx.p
  Process: 590 ExecStart=/usr/sbin/nginx -g daemon on; master_process on; (code=exited, status=0/SUC
  Process: 578 ExecStartPre=/usr/sbin/nginx -t -q -g daemon on; master_process on; (code=exited, sta
 Main PID: 595 (nginx)
    Tasks: 2 (limit: 1140)
   CGroup: /system.slice/nginx.service
           ├─595 nginx: master process /usr/sbin/nginx -g daemon on; master_process on;
           └─599 nginx: worker process

Feb 03 08:12:23 ip-172-31-43-134 systemd[1]: Stopped A high performance web server and a reverse pro
Feb 03 08:12:23 ip-172-31-43-134 systemd[1]: Starting A high performance web server and a reverse pr
Feb 03 08:12:23 ip-172-31-43-134 systemd[1]: nginx.service: Failed to parse PID from file /run/nginx
Feb 03 08:12:23 ip-172-31-43-134 systemd[1]: Started A high performance web server and a reverse pro
~
~
lines 1-17/17 (END)




















● nginx.service - A high performance web server and a reverse proxy server
   Loaded: loaded (/lib/systemd/system/nginx.service; enabled; vendor preset: enabled)
   Active: active (running) since Wed 2021-02-03 08:12:23 UTC; 28s ago
     Docs: man:nginx(8)
  Process: 575 ExecStop=/sbin/start-stop-daemon --quiet --stop --retry QUIT/5 --pidfile /run/nginx.
  Process: 590 ExecStart=/usr/sbin/nginx -g daemon on; master_process on; (code=exited, status=0/SU
  Process: 578 ExecStartPre=/usr/sbin/nginx -t -q -g daemon on; master_process on; (code=exited, st
 Main PID: 595 (nginx)
    Tasks: 2 (limit: 1140)
   CGroup: /system.slice/nginx.service
           ├─595 nginx: master process /usr/sbin/nginx -g daemon on; master_process on;
           └─599 nginx: worker process

Feb 03 08:12:23 ip-172-31-43-134 systemd[1]: Stopped A high performance web server and a reverse pr
Feb 03 08:12:23 ip-172-31-43-134 systemd[1]: Starting A high performance web server and a reverse p
Feb 03 08:12:23 ip-172-31-43-134 systemd[1]: nginx.service: Failed to parse PID from file /run/ngin
Feb 03 08:12:23 ip-172-31-43-134 systemd[1]: Started A high performance web server and a reverse pr
~
~
lines 1-17/17 (END)




















● nginx.service - A high performance web server and a reverse proxy server
   Loaded: loaded (/lib/systemd/system/nginx.service; enabled; vendor preset: enabled)
   Active: active (running) since Wed 2021-02-03 08:12:23 UTC; 28s ago
     Docs: man:nginx(8)
  Process: 575 ExecStop=/sbin/start-stop-daemon --quiet --stop --retry QUIT/5 --pidfile /run/nginx.p
  Process: 590 ExecStart=/usr/sbin/nginx -g daemon on; master_process on; (code=exited, status=0/SUC
  Process: 578 ExecStartPre=/usr/sbin/nginx -t -q -g daemon on; master_process on; (code=exited, sta
 Main PID: 595 (nginx)
    Tasks: 2 (limit: 1140)
   CGroup: /system.slice/nginx.service
           ├─595 nginx: master process /usr/sbin/nginx -g daemon on; master_process on;
           └─599 nginx: worker process

Feb 03 08:12:23 ip-172-31-43-134 systemd[1]: Stopped A high performance web server and a reverse pro
Feb 03 08:12:23 ip-172-31-43-134 systemd[1]: Starting A high performance web server and a reverse pr
Feb 03 08:12:23 ip-172-31-43-134 systemd[1]: nginx.service: Failed to parse PID from file /run/nginx
Feb 03 08:12:23 ip-172-31-43-134 systemd[1]: Started A high performance web server and a reverse pro
~
~
lines 1-17/17 (END)
ubuntu@ip-172-31-43-134:/etc/nginx/sites-enabled$ cd~

Command 'cd~' not found, did you mean:

  command 'cdi' from deb cdo
  command 'cdv' from deb codeville
  command 'cdw' from deb cdw
  command 'cde' from deb cde
  command 'cd5' from deb cd5
  command 'cdp' from deb irpas
  command 'cdb' from deb tinycdb
  command 'cdo' from deb cdo

Try: sudo apt install <deb name>

ubuntu@ip-172-31-43-134:/etc/nginx/sites-enabled$ cd ~
ubuntu@ip-172-31-43-134:~$ cd BHPserver/
-bash: cd: BHPserver/: No such file or directory
ubuntu@ip-172-31-43-134:~$ cd BHP/server
ubuntu@ip-172-31-43-134:~/BHP/server$ ls
__pycache__  artifacts  server.py  util.py
ubuntu@ip-172-31-43-134:~/BHP/server$ ll
total 32
drwxr-xr-x 4 ubuntu ubuntu 4096 Feb  2 09:17 ./
drwxr-xr-x 7 ubuntu ubuntu 4096 Feb  2 09:17 ../
-rw-r--r-- 1 ubuntu ubuntu 6148 Feb  2 09:17 .DS_Store
drwxr-xr-x 2 ubuntu ubuntu 4096 Feb  2 09:17 __pycache__/
drwxr-xr-x 2 ubuntu ubuntu 4096 Feb  2 09:17 artifacts/
-rw-r--r-- 1 ubuntu ubuntu  942 Feb  2 09:17 server.py
-rw-r--r-- 1 ubuntu ubuntu 1290 Feb  2 09:17 util.py
ubuntu@ip-172-31-43-134:~/BHP/server$ python3
Python 3.6.9 (default, Oct  8 2020, 12:12:24) 
[GCC 8.4.0] on linux
Type "help", "copyright", "credits" or "license" for more information.
>>> 
>>> q
Traceback (most recent call last):
  File "<stdin>", line 1, in <module>
NameError: name 'q' is not defined
>>> 
KeyboardInterrupt
>>> 
>>> cd
Traceback (most recent call last):
  File "<stdin>", line 1, in <module>
NameError: name 'cd' is not defined
>>> 
KeyboardInterrupt
>>> :q
  File "<stdin>", line 1
    :q
    ^
SyntaxError: invalid syntax
>>> 
>>> 
>>> help
Type help() for interactive help, or help(object) for help about object.
>>> help()

Welcome to Python 3.6's help utility!

If this is your first time using Python, you should definitely check out
the tutorial on the Internet at https://docs.python.org/3.6/tutorial/.

Enter the name of any module, keyword, or topic to get help on writing
Python programs and using Python modules.  To quit this help utility and
return to the interpreter, just type "quit".

To get a list of available modules, keywords, symbols, or topics, type
"modules", "keywords", "symbols", or "topics".  Each module also comes
with a one-line summary of what it does; to list the modules whose name
or summary contain a given string such as "spam", type "modules spam".

help> exit

help> :q
No Python documentation found for ':q'.
Use help() to get the interactive help utility.
Use help(str) for help on the str class.

help> exit

help>   cd ..
No Python documentation found for 'cd ..'.
Use help() to get the interactive help utility.
Use help(str) for help on the str class.

help> clear
No Python documentation found for 'clear'.
Use help() to get the interactive help utility.
Use help(str) for help on the str class.

help> 
You are now leaving help and returning to the Python interpreter.
If you want to ask for help on a particular object directly from the
interpreter, you can type "help(object)".  Executing "help('string')"
has the same effect as typing a particular string at the help> prompt.
>>> 
ubuntu@ip-172-31-43-134:~/BHP/server$  sudo apt intall python3-pip
E: Invalid operation intall
ubuntu@ip-172-31-43-134:~/BHP/server$ sudo apt install python3-pip
Reading package lists... Done
Building dependency tree       
Reading state information... Done
The following additional packages will be installed:
  binutils binutils-common binutils-x86-64-linux-gnu build-essential cpp cpp-7 dh-python dpkg-dev
  fakeroot g++ g++-7 gcc gcc-7 gcc-7-base libalgorithm-diff-perl libalgorithm-diff-xs-perl
  libalgorithm-merge-perl libasan4 libatomic1 libbinutils libc-dev-bin libc6 libc6-dev libcc1-0
  libcilkrts5 libdpkg-perl libexpat1-dev libfakeroot libfile-fcntllock-perl libgcc-7-dev libgomp1
  libisl19 libitm1 liblsan0 libmpc3 libmpx2 libpython3-dev libpython3.6-dev libquadmath0
  libstdc++-7-dev libtsan0 libubsan0 linux-libc-dev make manpages-dev python-pip-whl
  python3-crypto python3-dev python3-distutils python3-keyring python3-keyrings.alt
  python3-lib2to3 python3-secretstorage python3-setuptools python3-wheel python3-xdg python3.6-dev
Suggested packages:
  binutils-doc cpp-doc gcc-7-locales debian-keyring g++-multilib g++-7-multilib gcc-7-doc
  libstdc++6-7-dbg gcc-multilib autoconf automake libtool flex bison gdb gcc-doc gcc-7-multilib
  libgcc1-dbg libgomp1-dbg libitm1-dbg libatomic1-dbg libasan4-dbg liblsan0-dbg libtsan0-dbg
  libubsan0-dbg libcilkrts5-dbg libmpx2-dbg libquadmath0-dbg glibc-doc bzr libstdc++-7-doc
  make-doc python-crypto-doc gnome-keyring libkf5wallet-bin gir1.2-gnomekeyring-1.0
  python-secretstorage-doc python-setuptools-doc
The following NEW packages will be installed:
  binutils binutils-common binutils-x86-64-linux-gnu build-essential cpp cpp-7 dh-python dpkg-dev
  fakeroot g++ g++-7 gcc gcc-7 gcc-7-base libalgorithm-diff-perl libalgorithm-diff-xs-perl
  libalgorithm-merge-perl libasan4 libatomic1 libbinutils libc-dev-bin libc6-dev libcc1-0
  libcilkrts5 libdpkg-perl libexpat1-dev libfakeroot libfile-fcntllock-perl libgcc-7-dev libgomp1
  libisl19 libitm1 liblsan0 libmpc3 libmpx2 libpython3-dev libpython3.6-dev libquadmath0
  libstdc++-7-dev libtsan0 libubsan0 linux-libc-dev make manpages-dev python-pip-whl
  python3-crypto python3-dev python3-distutils python3-keyring python3-keyrings.alt
  python3-lib2to3 python3-pip python3-secretstorage python3-setuptools python3-wheel python3-xdg
  python3.6-dev
The following packages will be upgraded:
  libc6
1 upgraded, 57 newly installed, 0 to remove and 27 not upgraded.
Need to get 94.0 MB of archives.
After this operation, 253 MB of additional disk space will be used.
Do you want to continue? [Y/n] y
Get:1 http://ap-southeast-2.ec2.archive.ubuntu.com/ubuntu bionic-updates/main amd64 libc6 amd64 2.27-3ubuntu1.4 [2832 kB]
Get:2 http://ap-southeast-2.ec2.archive.ubuntu.com/ubuntu bionic-updates/main amd64 binutils-common amd64 2.30-21ubuntu1~18.04.4 [196 kB]
Get:3 http://ap-southeast-2.ec2.archive.ubuntu.com/ubuntu bionic-updates/main amd64 libbinutils amd64 2.30-21ubuntu1~18.04.4 [488 kB]
Get:4 http://ap-southeast-2.ec2.archive.ubuntu.com/ubuntu bionic-updates/main amd64 binutils-x86-64-linux-gnu amd64 2.30-21ubuntu1~18.04.4 [1839 kB]
Get:5 http://ap-southeast-2.ec2.archive.ubuntu.com/ubuntu bionic-updates/main amd64 binutils amd64 2.30-21ubuntu1~18.04.4 [3392 B]
Get:6 http://ap-southeast-2.ec2.archive.ubuntu.com/ubuntu bionic-updates/main amd64 libc-dev-bin amd64 2.27-3ubuntu1.4 [71.8 kB]
Get:7 http://ap-southeast-2.ec2.archive.ubuntu.com/ubuntu bionic-updates/main amd64 linux-libc-dev amd64 4.15.0-135.139 [990 kB]
Get:8 http://ap-southeast-2.ec2.archive.ubuntu.com/ubuntu bionic-updates/main amd64 libc6-dev amd64 2.27-3ubuntu1.4 [2585 kB]
Get:9 http://ap-southeast-2.ec2.archive.ubuntu.com/ubuntu bionic-updates/main amd64 gcc-7-base amd64 7.5.0-3ubuntu1~18.04 [18.3 kB]
Get:10 http://ap-southeast-2.ec2.archive.ubuntu.com/ubuntu bionic/main amd64 libisl19 amd64 0.19-1 [551 kB]
Get:11 http://ap-southeast-2.ec2.archive.ubuntu.com/ubuntu bionic/main amd64 libmpc3 amd64 1.1.0-1 [40.8 kB]
Get:12 http://ap-southeast-2.ec2.archive.ubuntu.com/ubuntu bionic-updates/main amd64 cpp-7 amd64 7.5.0-3ubuntu1~18.04 [8591 kB]
Get:13 http://ap-southeast-2.ec2.archive.ubuntu.com/ubuntu bionic-updates/main amd64 cpp amd64 4:7.4.0-1ubuntu2.3 [27.7 kB]
Get:14 http://ap-southeast-2.ec2.archive.ubuntu.com/ubuntu bionic-updates/main amd64 libcc1-0 amd64 8.4.0-1ubuntu1~18.04 [39.4 kB]
Get:15 http://ap-southeast-2.ec2.archive.ubuntu.com/ubuntu bionic-updates/main amd64 libgomp1 amd64 8.4.0-1ubuntu1~18.04 [76.5 kB]
Get:16 http://ap-southeast-2.ec2.archive.ubuntu.com/ubuntu bionic-updates/main amd64 libitm1 amd64 8.4.0-1ubuntu1~18.04 [27.9 kB]
Get:17 http://ap-southeast-2.ec2.archive.ubuntu.com/ubuntu bionic-updates/main amd64 libatomic1 amd64 8.4.0-1ubuntu1~18.04 [9192 B]
Get:18 http://ap-southeast-2.ec2.archive.ubuntu.com/ubuntu bionic-updates/main amd64 libasan4 amd64 7.5.0-3ubuntu1~18.04 [358 kB]
Get:19 http://ap-southeast-2.ec2.archive.ubuntu.com/ubuntu bionic-updates/main amd64 liblsan0 amd64 8.4.0-1ubuntu1~18.04 [133 kB]
Get:20 http://ap-southeast-2.ec2.archive.ubuntu.com/ubuntu bionic-updates/main amd64 libtsan0 amd64 8.4.0-1ubuntu1~18.04 [288 kB]
Get:21 http://ap-southeast-2.ec2.archive.ubuntu.com/ubuntu bionic-updates/main amd64 libubsan0 amd64 7.5.0-3ubuntu1~18.04 [126 kB]
Get:22 http://ap-southeast-2.ec2.archive.ubuntu.com/ubuntu bionic-updates/main amd64 libcilkrts5 amd64 7.5.0-3ubuntu1~18.04 [42.5 kB]
Get:23 http://ap-southeast-2.ec2.archive.ubuntu.com/ubuntu bionic-updates/main amd64 libmpx2 amd64 8.4.0-1ubuntu1~18.04 [11.6 kB]
Get:24 http://ap-southeast-2.ec2.archive.ubuntu.com/ubuntu bionic-updates/main amd64 libquadmath0 amd64 8.4.0-1ubuntu1~18.04 [134 kB]
Get:25 http://ap-southeast-2.ec2.archive.ubuntu.com/ubuntu bionic-updates/main amd64 libgcc-7-dev amd64 7.5.0-3ubuntu1~18.04 [2378 kB]
Get:26 http://ap-southeast-2.ec2.archive.ubuntu.com/ubuntu bionic-updates/main amd64 gcc-7 amd64 7.5.0-3ubuntu1~18.04 [9381 kB]
Get:27 http://ap-southeast-2.ec2.archive.ubuntu.com/ubuntu bionic-updates/main amd64 gcc amd64 4:7.4.0-1ubuntu2.3 [5184 B]
Get:28 http://ap-southeast-2.ec2.archive.ubuntu.com/ubuntu bionic-updates/main amd64 libstdc++-7-dev amd64 7.5.0-3ubuntu1~18.04 [1471 kB]
Get:29 http://ap-southeast-2.ec2.archive.ubuntu.com/ubuntu bionic-updates/main amd64 g++-7 amd64 7.5.0-3ubuntu1~18.04 [9697 kB]
Get:30 http://ap-southeast-2.ec2.archive.ubuntu.com/ubuntu bionic-updates/main amd64 g++ amd64 4:7.4.0-1ubuntu2.3 [1568 B]
Get:31 http://ap-southeast-2.ec2.archive.ubuntu.com/ubuntu bionic/main amd64 make amd64 4.1-9.1ubuntu1 [154 kB]
Get:32 http://ap-southeast-2.ec2.archive.ubuntu.com/ubuntu bionic-updates/main amd64 libdpkg-perl all 1.19.0.5ubuntu2.3 [211 kB]
Get:33 http://ap-southeast-2.ec2.archive.ubuntu.com/ubuntu bionic-updates/main amd64 dpkg-dev all 1.19.0.5ubuntu2.3 [607 kB]
Get:34 http://ap-southeast-2.ec2.archive.ubuntu.com/ubuntu bionic/main amd64 build-essential amd64 12.4ubuntu1 [4758 B]
Get:35 http://ap-southeast-2.ec2.archive.ubuntu.com/ubuntu bionic-updates/main amd64 python3-lib2to3 all 3.6.9-1~18.04 [77.4 kB]
Get:36 http://ap-southeast-2.ec2.archive.ubuntu.com/ubuntu bionic-updates/main amd64 python3-distutils all 3.6.9-1~18.04 [144 kB]
Get:37 http://ap-southeast-2.ec2.archive.ubuntu.com/ubuntu bionic/main amd64 dh-python all 3.20180325ubuntu2 [89.2 kB]
Get:38 http://ap-southeast-2.ec2.archive.ubuntu.com/ubuntu bionic/main amd64 libfakeroot amd64 1.22-2ubuntu1 [25.9 kB]
Get:39 http://ap-southeast-2.ec2.archive.ubuntu.com/ubuntu bionic/main amd64 fakeroot amd64 1.22-2ubuntu1 [62.3 kB]
Get:40 http://ap-southeast-2.ec2.archive.ubuntu.com/ubuntu bionic/main amd64 libalgorithm-diff-perl all 1.19.03-1 [47.6 kB]
Get:41 http://ap-southeast-2.ec2.archive.ubuntu.com/ubuntu bionic/main amd64 libalgorithm-diff-xs-perl amd64 0.04-5 [11.1 kB]
Get:42 http://ap-southeast-2.ec2.archive.ubuntu.com/ubuntu bionic/main amd64 libalgorithm-merge-perl all 0.08-3 [12.0 kB]
Get:43 http://ap-southeast-2.ec2.archive.ubuntu.com/ubuntu bionic-updates/main amd64 libexpat1-dev amd64 2.2.5-3ubuntu0.2 [122 kB]
Get:44 http://ap-southeast-2.ec2.archive.ubuntu.com/ubuntu bionic/main amd64 libfile-fcntllock-perl amd64 0.22-3build2 [33.2 kB]
Get:45 http://ap-southeast-2.ec2.archive.ubuntu.com/ubuntu bionic-updates/main amd64 libpython3.6-dev amd64 3.6.9-1~18.04ubuntu1.3 [44.9 MB]
Get:46 http://ap-southeast-2.ec2.archive.ubuntu.com/ubuntu bionic-updates/main amd64 libpython3-dev amd64 3.6.7-1~18.04 [7328 B]
Get:47 http://ap-southeast-2.ec2.archive.ubuntu.com/ubuntu bionic/main amd64 manpages-dev all 4.15-1 [2217 kB]
Get:48 http://ap-southeast-2.ec2.archive.ubuntu.com/ubuntu bionic-updates/universe amd64 python-pip-whl all 9.0.1-2.3~ubuntu1.18.04.4 [1653 kB]
Get:49 http://ap-southeast-2.ec2.archive.ubuntu.com/ubuntu bionic/main amd64 python3-crypto amd64 2.6.1-8ubuntu2 [244 kB]
Get:50 http://ap-southeast-2.ec2.archive.ubuntu.com/ubuntu bionic-updates/main amd64 python3.6-dev amd64 3.6.9-1~18.04ubuntu1.3 [508 kB]
Get:51 http://ap-southeast-2.ec2.archive.ubuntu.com/ubuntu bionic-updates/main amd64 python3-dev amd64 3.6.7-1~18.04 [1288 B]
Get:52 http://ap-southeast-2.ec2.archive.ubuntu.com/ubuntu bionic/main amd64 python3-secretstorage all 2.3.1-2 [12.1 kB]
Get:53 http://ap-southeast-2.ec2.archive.ubuntu.com/ubuntu bionic/main amd64 python3-keyring all 10.6.0-1 [26.7 kB]
Get:54 http://ap-southeast-2.ec2.archive.ubuntu.com/ubuntu bionic/main amd64 python3-keyrings.alt all 3.0-1 [16.6 kB]
Get:55 http://ap-southeast-2.ec2.archive.ubuntu.com/ubuntu bionic-updates/universe amd64 python3-pip all 9.0.1-2.3~ubuntu1.18.04.4 [114 kB]
Get:56 http://ap-southeast-2.ec2.archive.ubuntu.com/ubuntu bionic/main amd64 python3-setuptools all 39.0.1-2 [248 kB]
Get:57 http://ap-southeast-2.ec2.archive.ubuntu.com/ubuntu bionic/universe amd64 python3-wheel all 0.30.0-0.2 [36.5 kB]
Get:58 http://ap-southeast-2.ec2.archive.ubuntu.com/ubuntu bionic-updates/main amd64 python3-xdg all 0.25-4ubuntu1.1 [31.3 kB]
Fetched 94.0 MB in 2s (50.8 MB/s)   
Extracting templates from packages: 100%
Preconfiguring packages ...
(Reading database ... 85154 files and directories currently installed.)
Preparing to unpack .../libc6_2.27-3ubuntu1.4_amd64.deb ...
Unpacking libc6:amd64 (2.27-3ubuntu1.4) over (2.27-3ubuntu1.2) ...
Setting up libc6:amd64 (2.27-3ubuntu1.4) ...
Selecting previously unselected package binutils-common:amd64.
(Reading database ... 85154 files and directories currently installed.)
Preparing to unpack .../00-binutils-common_2.30-21ubuntu1~18.04.4_amd64.deb ...
Unpacking binutils-common:amd64 (2.30-21ubuntu1~18.04.4) ...
Selecting previously unselected package libbinutils:amd64.
Preparing to unpack .../01-libbinutils_2.30-21ubuntu1~18.04.4_amd64.deb ...
Unpacking libbinutils:amd64 (2.30-21ubuntu1~18.04.4) ...
Selecting previously unselected package binutils-x86-64-linux-gnu.
Preparing to unpack .../02-binutils-x86-64-linux-gnu_2.30-21ubuntu1~18.04.4_amd64.deb ...
Unpacking binutils-x86-64-linux-gnu (2.30-21ubuntu1~18.04.4) ...
Selecting previously unselected package binutils.
Preparing to unpack .../03-binutils_2.30-21ubuntu1~18.04.4_amd64.deb ...
Unpacking binutils (2.30-21ubuntu1~18.04.4) ...
Selecting previously unselected package libc-dev-bin.
Preparing to unpack .../04-libc-dev-bin_2.27-3ubuntu1.4_amd64.deb ...
Unpacking libc-dev-bin (2.27-3ubuntu1.4) ...
Selecting previously unselected package linux-libc-dev:amd64.
Preparing to unpack .../05-linux-libc-dev_4.15.0-135.139_amd64.deb ...
Unpacking linux-libc-dev:amd64 (4.15.0-135.139) ...
Selecting previously unselected package libc6-dev:amd64.
Preparing to unpack .../06-libc6-dev_2.27-3ubuntu1.4_amd64.deb ...
Unpacking libc6-dev:amd64 (2.27-3ubuntu1.4) ...
Selecting previously unselected package gcc-7-base:amd64.
Preparing to unpack .../07-gcc-7-base_7.5.0-3ubuntu1~18.04_amd64.deb ...
Unpacking gcc-7-base:amd64 (7.5.0-3ubuntu1~18.04) ...
Selecting previously unselected package libisl19:amd64.
Preparing to unpack .../08-libisl19_0.19-1_amd64.deb ...
Unpacking libisl19:amd64 (0.19-1) ...
Selecting previously unselected package libmpc3:amd64.
Preparing to unpack .../09-libmpc3_1.1.0-1_amd64.deb ...
Unpacking libmpc3:amd64 (1.1.0-1) ...
Selecting previously unselected package cpp-7.
Preparing to unpack .../10-cpp-7_7.5.0-3ubuntu1~18.04_amd64.deb ...
Unpacking cpp-7 (7.5.0-3ubuntu1~18.04) ...
Selecting previously unselected package cpp.
Preparing to unpack .../11-cpp_4%3a7.4.0-1ubuntu2.3_amd64.deb ...
Unpacking cpp (4:7.4.0-1ubuntu2.3) ...
Selecting previously unselected package libcc1-0:amd64.
Preparing to unpack .../12-libcc1-0_8.4.0-1ubuntu1~18.04_amd64.deb ...
Unpacking libcc1-0:amd64 (8.4.0-1ubuntu1~18.04) ...
Selecting previously unselected package libgomp1:amd64.
Preparing to unpack .../13-libgomp1_8.4.0-1ubuntu1~18.04_amd64.deb ...
Unpacking libgomp1:amd64 (8.4.0-1ubuntu1~18.04) ...
Selecting previously unselected package libitm1:amd64.
Preparing to unpack .../14-libitm1_8.4.0-1ubuntu1~18.04_amd64.deb ...
Unpacking libitm1:amd64 (8.4.0-1ubuntu1~18.04) ...
Selecting previously unselected package libatomic1:amd64.
Preparing to unpack .../15-libatomic1_8.4.0-1ubuntu1~18.04_amd64.deb ...
Unpacking libatomic1:amd64 (8.4.0-1ubuntu1~18.04) ...
Selecting previously unselected package libasan4:amd64.
Preparing to unpack .../16-libasan4_7.5.0-3ubuntu1~18.04_amd64.deb ...
Unpacking libasan4:amd64 (7.5.0-3ubuntu1~18.04) ...
Selecting previously unselected package liblsan0:amd64.
Preparing to unpack .../17-liblsan0_8.4.0-1ubuntu1~18.04_amd64.deb ...
Unpacking liblsan0:amd64 (8.4.0-1ubuntu1~18.04) ...
Selecting previously unselected package libtsan0:amd64.
Preparing to unpack .../18-libtsan0_8.4.0-1ubuntu1~18.04_amd64.deb ...
Unpacking libtsan0:amd64 (8.4.0-1ubuntu1~18.04) ...
Selecting previously unselected package libubsan0:amd64.
Preparing to unpack .../19-libubsan0_7.5.0-3ubuntu1~18.04_amd64.deb ...
Unpacking libubsan0:amd64 (7.5.0-3ubuntu1~18.04) ...
Selecting previously unselected package libcilkrts5:amd64.
Preparing to unpack .../20-libcilkrts5_7.5.0-3ubuntu1~18.04_amd64.deb ...
Unpacking libcilkrts5:amd64 (7.5.0-3ubuntu1~18.04) ...
Selecting previously unselected package libmpx2:amd64.
Preparing to unpack .../21-libmpx2_8.4.0-1ubuntu1~18.04_amd64.deb ...
Unpacking libmpx2:amd64 (8.4.0-1ubuntu1~18.04) ...
Selecting previously unselected package libquadmath0:amd64.
Preparing to unpack .../22-libquadmath0_8.4.0-1ubuntu1~18.04_amd64.deb ...
Unpacking libquadmath0:amd64 (8.4.0-1ubuntu1~18.04) ...
Selecting previously unselected package libgcc-7-dev:amd64.
Preparing to unpack .../23-libgcc-7-dev_7.5.0-3ubuntu1~18.04_amd64.deb ...
Unpacking libgcc-7-dev:amd64 (7.5.0-3ubuntu1~18.04) ...
Selecting previously unselected package gcc-7.
Preparing to unpack .../24-gcc-7_7.5.0-3ubuntu1~18.04_amd64.deb ...
Unpacking gcc-7 (7.5.0-3ubuntu1~18.04) ...
Selecting previously unselected package gcc.
Preparing to unpack .../25-gcc_4%3a7.4.0-1ubuntu2.3_amd64.deb ...
Unpacking gcc (4:7.4.0-1ubuntu2.3) ...
Selecting previously unselected package libstdc++-7-dev:amd64.
Preparing to unpack .../26-libstdc++-7-dev_7.5.0-3ubuntu1~18.04_amd64.deb ...
Unpacking libstdc++-7-dev:amd64 (7.5.0-3ubuntu1~18.04) ...
Selecting previously unselected package g++-7.
Preparing to unpack .../27-g++-7_7.5.0-3ubuntu1~18.04_amd64.deb ...
Unpacking g++-7 (7.5.0-3ubuntu1~18.04) ...
Selecting previously unselected package g++.
Preparing to unpack .../28-g++_4%3a7.4.0-1ubuntu2.3_amd64.deb ...
Unpacking g++ (4:7.4.0-1ubuntu2.3) ...
Selecting previously unselected package make.
Preparing to unpack .../29-make_4.1-9.1ubuntu1_amd64.deb ...
Unpacking make (4.1-9.1ubuntu1) ...
Selecting previously unselected package libdpkg-perl.
Preparing to unpack .../30-libdpkg-perl_1.19.0.5ubuntu2.3_all.deb ...
Unpacking libdpkg-perl (1.19.0.5ubuntu2.3) ...
Selecting previously unselected package dpkg-dev.
Preparing to unpack .../31-dpkg-dev_1.19.0.5ubuntu2.3_all.deb ...
Unpacking dpkg-dev (1.19.0.5ubuntu2.3) ...
Selecting previously unselected package build-essential.
Preparing to unpack .../32-build-essential_12.4ubuntu1_amd64.deb ...
Unpacking build-essential (12.4ubuntu1) ...
Selecting previously unselected package python3-lib2to3.
Preparing to unpack .../33-python3-lib2to3_3.6.9-1~18.04_all.deb ...
Unpacking python3-lib2to3 (3.6.9-1~18.04) ...
Selecting previously unselected package python3-distutils.
Preparing to unpack .../34-python3-distutils_3.6.9-1~18.04_all.deb ...
Unpacking python3-distutils (3.6.9-1~18.04) ...
Selecting previously unselected package dh-python.
Preparing to unpack .../35-dh-python_3.20180325ubuntu2_all.deb ...
Unpacking dh-python (3.20180325ubuntu2) ...
Selecting previously unselected package libfakeroot:amd64.
Preparing to unpack .../36-libfakeroot_1.22-2ubuntu1_amd64.deb ...
Unpacking libfakeroot:amd64 (1.22-2ubuntu1) ...
Selecting previously unselected package fakeroot.
Preparing to unpack .../37-fakeroot_1.22-2ubuntu1_amd64.deb ...
Unpacking fakeroot (1.22-2ubuntu1) ...
Selecting previously unselected package libalgorithm-diff-perl.
Preparing to unpack .../38-libalgorithm-diff-perl_1.19.03-1_all.deb ...
Unpacking libalgorithm-diff-perl (1.19.03-1) ...
Selecting previously unselected package libalgorithm-diff-xs-perl.
Preparing to unpack .../39-libalgorithm-diff-xs-perl_0.04-5_amd64.deb ...
Unpacking libalgorithm-diff-xs-perl (0.04-5) ...
Selecting previously unselected package libalgorithm-merge-perl.
Preparing to unpack .../40-libalgorithm-merge-perl_0.08-3_all.deb ...
Unpacking libalgorithm-merge-perl (0.08-3) ...
Selecting previously unselected package libexpat1-dev:amd64.
Preparing to unpack .../41-libexpat1-dev_2.2.5-3ubuntu0.2_amd64.deb ...
Unpacking libexpat1-dev:amd64 (2.2.5-3ubuntu0.2) ...
Selecting previously unselected package libfile-fcntllock-perl.
Preparing to unpack .../42-libfile-fcntllock-perl_0.22-3build2_amd64.deb ...
Unpacking libfile-fcntllock-perl (0.22-3build2) ...
Selecting previously unselected package libpython3.6-dev:amd64.
Preparing to unpack .../43-libpython3.6-dev_3.6.9-1~18.04ubuntu1.3_amd64.deb ...
Unpacking libpython3.6-dev:amd64 (3.6.9-1~18.04ubuntu1.3) ...
Selecting previously unselected package libpython3-dev:amd64.
Preparing to unpack .../44-libpython3-dev_3.6.7-1~18.04_amd64.deb ...
Unpacking libpython3-dev:amd64 (3.6.7-1~18.04) ...
Selecting previously unselected package manpages-dev.
Preparing to unpack .../45-manpages-dev_4.15-1_all.deb ...
Unpacking manpages-dev (4.15-1) ...
Selecting previously unselected package python-pip-whl.
Preparing to unpack .../46-python-pip-whl_9.0.1-2.3~ubuntu1.18.04.4_all.deb ...
Unpacking python-pip-whl (9.0.1-2.3~ubuntu1.18.04.4) ...
Selecting previously unselected package python3-crypto.
Preparing to unpack .../47-python3-crypto_2.6.1-8ubuntu2_amd64.deb ...
Unpacking python3-crypto (2.6.1-8ubuntu2) ...
Selecting previously unselected package python3.6-dev.
Preparing to unpack .../48-python3.6-dev_3.6.9-1~18.04ubuntu1.3_amd64.deb ...
Unpacking python3.6-dev (3.6.9-1~18.04ubuntu1.3) ...
Selecting previously unselected package python3-dev.
Preparing to unpack .../49-python3-dev_3.6.7-1~18.04_amd64.deb ...
Unpacking python3-dev (3.6.7-1~18.04) ...
Selecting previously unselected package python3-secretstorage.
Preparing to unpack .../50-python3-secretstorage_2.3.1-2_all.deb ...
Unpacking python3-secretstorage (2.3.1-2) ...
Selecting previously unselected package python3-keyring.
Preparing to unpack .../51-python3-keyring_10.6.0-1_all.deb ...
Unpacking python3-keyring (10.6.0-1) ...
Selecting previously unselected package python3-keyrings.alt.
Preparing to unpack .../52-python3-keyrings.alt_3.0-1_all.deb ...
Unpacking python3-keyrings.alt (3.0-1) ...
Selecting previously unselected package python3-pip.
Preparing to unpack .../53-python3-pip_9.0.1-2.3~ubuntu1.18.04.4_all.deb ...
Unpacking python3-pip (9.0.1-2.3~ubuntu1.18.04.4) ...
Selecting previously unselected package python3-setuptools.
Preparing to unpack .../54-python3-setuptools_39.0.1-2_all.deb ...
Unpacking python3-setuptools (39.0.1-2) ...
Selecting previously unselected package python3-wheel.
Preparing to unpack .../55-python3-wheel_0.30.0-0.2_all.deb ...
Unpacking python3-wheel (0.30.0-0.2) ...
Selecting previously unselected package python3-xdg.
Preparing to unpack .../56-python3-xdg_0.25-4ubuntu1.1_all.deb ...
Unpacking python3-xdg (0.25-4ubuntu1.1) ...
Setting up libquadmath0:amd64 (8.4.0-1ubuntu1~18.04) ...
Setting up libgomp1:amd64 (8.4.0-1ubuntu1~18.04) ...
Setting up libatomic1:amd64 (8.4.0-1ubuntu1~18.04) ...
Setting up python-pip-whl (9.0.1-2.3~ubuntu1.18.04.4) ...
Setting up libcc1-0:amd64 (8.4.0-1ubuntu1~18.04) ...
Setting up make (4.1-9.1ubuntu1) ...
Setting up python3-crypto (2.6.1-8ubuntu2) ...
Setting up libtsan0:amd64 (8.4.0-1ubuntu1~18.04) ...
Setting up python3-xdg (0.25-4ubuntu1.1) ...
Setting up python3-keyrings.alt (3.0-1) ...
Setting up linux-libc-dev:amd64 (4.15.0-135.139) ...
Setting up libdpkg-perl (1.19.0.5ubuntu2.3) ...
Setting up python3-wheel (0.30.0-0.2) ...
Setting up liblsan0:amd64 (8.4.0-1ubuntu1~18.04) ...
Setting up gcc-7-base:amd64 (7.5.0-3ubuntu1~18.04) ...
Setting up binutils-common:amd64 (2.30-21ubuntu1~18.04.4) ...
Setting up libfile-fcntllock-perl (0.22-3build2) ...
Setting up libmpx2:amd64 (8.4.0-1ubuntu1~18.04) ...
Setting up libfakeroot:amd64 (1.22-2ubuntu1) ...
Setting up libalgorithm-diff-perl (1.19.03-1) ...
Setting up libmpc3:amd64 (1.1.0-1) ...
Setting up libc-dev-bin (2.27-3ubuntu1.4) ...
Setting up python3-lib2to3 (3.6.9-1~18.04) ...
Setting up python3-secretstorage (2.3.1-2) ...
Setting up manpages-dev (4.15-1) ...
Setting up libc6-dev:amd64 (2.27-3ubuntu1.4) ...
Setting up python3-distutils (3.6.9-1~18.04) ...
Setting up libitm1:amd64 (8.4.0-1ubuntu1~18.04) ...
Setting up libisl19:amd64 (0.19-1) ...
Setting up libasan4:amd64 (7.5.0-3ubuntu1~18.04) ...
Setting up python3-keyring (10.6.0-1) ...
Setting up libbinutils:amd64 (2.30-21ubuntu1~18.04.4) ...
Setting up libcilkrts5:amd64 (7.5.0-3ubuntu1~18.04) ...
Setting up libubsan0:amd64 (7.5.0-3ubuntu1~18.04) ...
Setting up fakeroot (1.22-2ubuntu1) ...
update-alternatives: using /usr/bin/fakeroot-sysv to provide /usr/bin/fakeroot (fakeroot) in auto mode
Setting up libgcc-7-dev:amd64 (7.5.0-3ubuntu1~18.04) ...
Setting up cpp-7 (7.5.0-3ubuntu1~18.04) ...
Setting up libstdc++-7-dev:amd64 (7.5.0-3ubuntu1~18.04) ...
Setting up libalgorithm-merge-perl (0.08-3) ...
Setting up libalgorithm-diff-xs-perl (0.04-5) ...
Setting up python3-pip (9.0.1-2.3~ubuntu1.18.04.4) ...
Setting up libexpat1-dev:amd64 (2.2.5-3ubuntu0.2) ...
Setting up python3-setuptools (39.0.1-2) ...
Setting up dh-python (3.20180325ubuntu2) ...
Setting up binutils-x86-64-linux-gnu (2.30-21ubuntu1~18.04.4) ...
Setting up cpp (4:7.4.0-1ubuntu2.3) ...
Setting up libpython3.6-dev:amd64 (3.6.9-1~18.04ubuntu1.3) ...
Setting up binutils (2.30-21ubuntu1~18.04.4) ...
Setting up python3.6-dev (3.6.9-1~18.04ubuntu1.3) ...
Setting up libpython3-dev:amd64 (3.6.7-1~18.04) ...
Setting up gcc-7 (7.5.0-3ubuntu1~18.04) ...
Setting up g++-7 (7.5.0-3ubuntu1~18.04) ...
Setting up python3-dev (3.6.7-1~18.04) ...
Setting up gcc (4:7.4.0-1ubuntu2.3) ...
Setting up dpkg-dev (1.19.0.5ubuntu2.3) ...
Setting up g++ (4:7.4.0-1ubuntu2.3) ...
update-alternatives: using /usr/bin/g++ to provide /usr/bin/c++ (c++) in auto mode
Setting up build-essential (12.4ubuntu1) ...
Processing triggers for man-db (2.8.3-2ubuntu0.1) ...
Processing triggers for libc-bin (2.27-3ubuntu1.2) ...
ubuntu@ip-172-31-43-134:~/BHP/server$ cd ..
ubuntu@ip-172-31-43-134:~/BHP$ cd..
cd..: command not found
ubuntu@ip-172-31-43-134:~/BHP$ cd ..
ubuntu@ip-172-31-43-134:~$ cd /etc/nginx/
ubuntu@ip-172-31-43-134:/etc/nginx$ cd sites-enabled
ubuntu@ip-172-31-43-134:/etc/nginx/sites-enabled$ sudo ln -v -s /etc/nginx/sites-available/bhp.conf inside /etc/nginx/sites-enabled
'/etc/nginx/sites-enabled/bhp.conf' -> '/etc/nginx/sites-available/bhp.conf'
'/etc/nginx/sites-enabled/inside' -> 'inside'
ubuntu@ip-172-31-43-134:/etc/nginx/sites-enabled$ ll
total 8
drwxr-xr-x 2 root root 4096 Feb  3 09:10 ./
drwxr-xr-x 8 root root 4096 Feb  2 09:36 ../
lrwxrwxrwx 1 root root   35 Feb  3 09:10 bhp.conf -> /etc/nginx/sites-available/bhp.conf
lrwxrwxrwx 1 root root    6 Feb  3 09:10 inside -> inside
ubuntu@ip-172-31-43-134:/etc/nginx/sites-enabled$ sudo service nginx restart
Job for nginx.service failed because the control process exited with error code.
See "systemctl status nginx.service" and "journalctl -xe" for details.
ubuntu@ip-172-31-43-134:/etc/nginx/sites-enabled$ sudo service nginx status
● nginx.service - A high performance web server and a reverse proxy server
   Loaded: loaded (/lib/systemd/system/nginx.service; enabled; vendor preset: enabled)
   Active: failed (Result: exit-code) since Wed 2021-02-03 09:12:07 UTC; 9s ago
     Docs: man:nginx(8)
  Process: 6263 ExecStop=/sbin/start-stop-daemon --quiet --stop --retry QUIT/5 --pidfile /run/ngi
  Process: 590 ExecStart=/usr/sbin/nginx -g daemon on; master_process on; (code=exited, status=0/
  Process: 6267 ExecStartPre=/usr/sbin/nginx -t -q -g daemon on; master_process on; (code=exited,
 Main PID: 595 (code=exited, status=0/SUCCESS)

Feb 03 09:12:07 ip-172-31-43-134 systemd[1]: Stopped A high performance web server and a reverse 
Feb 03 09:12:07 ip-172-31-43-134 systemd[1]: Starting A high performance web server and a reverse
Feb 03 09:12:07 ip-172-31-43-134 nginx[6267]: nginx: [emerg] open() "/etc/nginx/sites-enabled/bhp
Feb 03 09:12:07 ip-172-31-43-134 nginx[6267]: nginx: configuration file /etc/nginx/nginx.conf tes
Feb 03 09:12:07 ip-172-31-43-134 systemd[1]: nginx.service: Control process exited, code=exited s
Feb 03 09:12:07 ip-172-31-43-134 systemd[1]: nginx.service: Failed with result 'exit-code'.
Feb 03 09:12:07 ip-172-31-43-134 systemd[1]: Failed to start A high performance web server and a 
lines 1-16/16 (END)
ubuntu@ip-172-31-43-134:/etc/nginx/sites-enabled$ sudo service nginx restart
Job for nginx.service failed because the control process exited with error code.
See "systemctl status nginx.service" and "journalctl -xe" for details.
ubuntu@ip-172-31-43-134:/etc/nginx/sites-enabled$ sudo service nginx stop
ubuntu@ip-172-31-43-134:/etc/nginx/sites-enabled$ sudo service nginx status
● nginx.service - A high performance web server and a reverse proxy server
   Loaded: loaded (/lib/systemd/system/nginx.service; enabled; vendor preset: enabled)
   Active: failed (Result: exit-code) since Wed 2021-02-03 09:13:53 UTC; 1min 9s ago
     Docs: man:nginx(8)
  Process: 6263 ExecStop=/sbin/start-stop-daemon --quiet --stop --retry QUIT/5 --pidfile /run/ngi
  Process: 590 ExecStart=/usr/sbin/nginx -g daemon on; master_process on; (code=exited, status=0/
  Process: 6296 ExecStartPre=/usr/sbin/nginx -t -q -g daemon on; master_process on; (code=exited,
 Main PID: 595 (code=exited, status=0/SUCCESS)

Feb 03 09:13:53 ip-172-31-43-134 systemd[1]: Starting A high performance web server and a reverse
Feb 03 09:13:53 ip-172-31-43-134 nginx[6296]: nginx: [emerg] open() "/etc/nginx/sites-enabled/bhp
Feb 03 09:13:53 ip-172-31-43-134 nginx[6296]: nginx: configuration file /etc/nginx/nginx.conf tes
Feb 03 09:13:53 ip-172-31-43-134 systemd[1]: nginx.service: Control process exited, code=exited s
Feb 03 09:13:53 ip-172-31-43-134 systemd[1]: nginx.service: Failed with result 'exit-code'.
Feb 03 09:13:53 ip-172-31-43-134 systemd[1]: Failed to start A high performance web server and a 
lines 1-15/15 (END)
ubuntu@ip-172-31-43-134:/etc/nginx/sites-enabled$ sudo service nginx start
Job for nginx.service failed because the control process exited with error code.
See "systemctl status nginx.service" and "journalctl -xe" for details.
ubuntu@ip-172-31-43-134:/etc/nginx/sites-enabled$ sudo service nginx help
Usage: nginx {start|stop|restart|reload|force-reload|status|configtest|rotate|upgrade}
ubuntu@ip-172-31-43-134:/etc/nginx/sites-enabled$ sudo service nginx reload
nginx.service is not active, cannot reload.
ubuntu@ip-172-31-43-134:/etc/nginx/sites-enabled$ sudo unlink inside
ubuntu@ip-172-31-43-134:/etc/nginx/sites-enabled$ ll
total 8
drwxr-xr-x 2 root root 4096 Feb  3 09:19 ./
drwxr-xr-x 8 root root 4096 Feb  2 09:36 ../
lrwxrwxrwx 1 root root   35 Feb  3 09:10 bhp.conf -> /etc/nginx/sites-available/bhp.conf
ubuntu@ip-172-31-43-134:/etc/nginx/sites-enabled$ sudo service nginx start
Job for nginx.service failed because the control process exited with error code.
See "systemctl status nginx.service" and "journalctl -xe" for details.
ubuntu@ip-172-31-43-134:/etc/nginx/sites-enabled$ sudo unlink bhp.conf
ubuntu@ip-172-31-43-134:/etc/nginx/sites-enabled$ ll
total 8
drwxr-xr-x 2 root root 4096 Feb  3 09:20 ./
drwxr-xr-x 8 root root 4096 Feb  2 09:36 ../
ubuntu@ip-172-31-43-134:/etc/nginx/sites-enabled$ sudo ln -v -s /etc/nginx/sites-available/bhp.conf
'./bhp.conf' -> '/etc/nginx/sites-available/bhp.conf'
ubuntu@ip-172-31-43-134:/etc/nginx/sites-enabled$ ll
total 8
drwxr-xr-x 2 root root 4096 Feb  3 09:22 ./
drwxr-xr-x 8 root root 4096 Feb  2 09:36 ../
lrwxrwxrwx 1 root root   35 Feb  3 09:22 bhp.conf -> /etc/nginx/sites-available/bhp.conf
ubuntu@ip-172-31-43-134:/etc/nginx/sites-enabled$ sudo service nginx restart
Job for nginx.service failed because the control process exited with error code.
See "systemctl status nginx.service" and "journalctl -xe" for details.
ubuntu@ip-172-31-43-134:/etc/nginx/sites-enabled$ sudo service nginx start
Job for nginx.service failed because the control process exited with error code.
See "systemctl status nginx.service" and "journalctl -xe" for details.
ubuntu@ip-172-31-43-134:/etc/nginx/sites-enabled$ sudo unlink bhp.conf
ubuntu@ip-172-31-43-134:/etc/nginx/sites-enabled$ sudo service nginx start
ubuntu@ip-172-31-43-134:/etc/nginx/sites-enabled$ sudo service nginx status
● nginx.service - A high performance web server and a reverse proxy server
   Loaded: loaded (/lib/systemd/system/nginx.service; enabled; vendor preset: enabled)
   Active: active (running) since Wed 2021-02-03 09:23:54 UTC; 14s ago
     Docs: man:nginx(8)
  Process: 6263 ExecStop=/sbin/start-stop-daemon --quiet --stop --retry QUIT/5 --pidfile /run/ngi
  Process: 6618 ExecStart=/usr/sbin/nginx -g daemon on; master_process on; (code=exited, status=0
  Process: 6607 ExecStartPre=/usr/sbin/nginx -t -q -g daemon on; master_process on; (code=exited,
 Main PID: 6622 (nginx)
    Tasks: 2 (limit: 1140)
   CGroup: /system.slice/nginx.service
           ├─6622 nginx: master process /usr/sbin/nginx -g daemon on; master_process on;
           └─6626 nginx: worker process

Feb 03 09:23:54 ip-172-31-43-134 systemd[1]: Starting A high performance web server and a reverse
Feb 03 09:23:54 ip-172-31-43-134 systemd[1]: nginx.service: Failed to parse PID from file /run/ng
Feb 03 09:23:54 ip-172-31-43-134 systemd[1]: Started A high performance web server and a reverse 
lines 1-16/16 (END)
ubuntu@ip-172-31-43-134:/etc/nginx/sites-enabled$ ll
total 8
drwxr-xr-x 2 root root 4096 Feb  3 09:23 ./
drwxr-xr-x 8 root root 4096 Feb  2 09:36 ../
ubuntu@ip-172-31-43-134:/etc/nginx/sites-enabled$ pwd
/etc/nginx/sites-enabled
ubuntu@ip-172-31-43-134:/etc/nginx/sites-enabled$ cd ..
ubuntu@ip-172-31-43-134:/etc/nginx$ cd sites-available
ubuntu@ip-172-31-43-134:/etc/nginx/sites-available$ ll
total 24
drwxr-xr-x 2 root root  4096 Feb  3 08:03 ./
drwxr-xr-x 8 root root  4096 Feb  2 09:36 ../
-rw------- 1 root root 12288 Feb  2 12:22 .bhp.conf.swp
-rw-r--r-- 1 root root  2416 Apr  6  2018 default
ubuntu@ip-172-31-43-134:/etc/nginx/sites-available$ less bhp.conf
bhp.conf: No such file or directory
ubuntu@ip-172-31-43-134:/etc/nginx/sites-available$ sudo vim bhp.conf
ubuntu@ip-172-31-43-134:/etc/nginx/sites-available$ ls
bhp.conf  default
ubuntu@ip-172-31-43-134:/etc/nginx/sites-available$ ll
total 28
drwxr-xr-x 2 root root  4096 Feb  3 09:44 ./
drwxr-xr-x 8 root root  4096 Feb  2 09:36 ../
-rw------- 1 root root 12288 Feb  2 12:22 .bhp.conf.swp
-rw-r--r-- 1 root root   179 Feb  3 09:44 bhp.conf
-rw-r--r-- 1 root root  2416 Apr  6  2018 default
ubuntu@ip-172-31-43-134:/etc/nginx/sites-available$ less bhp.conf
ubuntu@ip-172-31-43-134:/etc/nginx/sites-available$ cd ../sites-enabled
ubuntu@ip-172-31-43-134:/etc/nginx/sites-enabled$ ll
total 8
drwxr-xr-x 2 root root 4096 Feb  3 09:23 ./
drwxr-xr-x 8 root root 4096 Feb  2 09:36 ../
ubuntu@ip-172-31-43-134:/etc/nginx/sites-enabled$ ls
ubuntu@ip-172-31-43-134:/etc/nginx/sites-enabled$ cd ../sites-avialable
-bash: cd: ../sites-avialable: No such file or directory
ubuntu@ip-172-31-43-134:/etc/nginx/sites-enabled$ cd ../sites-available
ubuntu@ip-172-31-43-134:/etc/nginx/sites-available$ ls
bhp.conf  default
ubuntu@ip-172-31-43-134:/etc/nginx/sites-available$ ll
total 28
drwxr-xr-x 2 root root  4096 Feb  3 09:44 ./
drwxr-xr-x 8 root root  4096 Feb  2 09:36 ../
-rw------- 1 root root 12288 Feb  2 12:22 .bhp.conf.swp
-rw-r--r-- 1 root root   179 Feb  3 09:44 bhp.conf
-rw-r--r-- 1 root root  2416 Apr  6  2018 default
ubuntu@ip-172-31-43-134:/etc/nginx/sites-available$ cd .. sites-enabled/
-bash: cd: too many arguments
ubuntu@ip-172-31-43-134:/etc/nginx/sites-available$ cd ../sites-enabled
ubuntu@ip-172-31-43-134:/etc/nginx/sites-enabled$ 
ubuntu@ip-172-31-43-134:/etc/nginx/sites-enabled$ sudo ln -v -s /etc/nginx/sites-available/bhp.conf inside /etc/nginx/sites-enabled
'/etc/nginx/sites-enabled/bhp.conf' -> '/etc/nginx/sites-available/bhp.conf'
'/etc/nginx/sites-enabled/inside' -> 'inside'
ubuntu@ip-172-31-43-134:/etc/nginx/sites-enabled$ ll
total 8
drwxr-xr-x 2 root root 4096 Feb  3 09:56 ./
drwxr-xr-x 8 root root 4096 Feb  2 09:36 ../
lrwxrwxrwx 1 root root   35 Feb  3 09:56 bhp.conf -> /etc/nginx/sites-available/bhp.conf
lrwxrwxrwx 1 root root    6 Feb  3 09:56 inside -> inside
ubuntu@ip-172-31-43-134:/etc/nginx/sites-enabled$ sudo service nginx restart
Job for nginx.service failed because the control process exited with error code.
See "systemctl status nginx.service" and "journalctl -xe" for details.
ubuntu@ip-172-31-43-134:/etc/nginx/sites-enabled$ sudo service nginx status
● nginx.service - A high performance web server and a reverse proxy server
   Loaded: loaded (/lib/systemd/system/nginx.service; enabled; vendor preset: enabled)
   Active: failed (Result: exit-code) since Wed 2021-02-03 09:57:45 UTC; 17s ago
     Docs: man:nginx(8)
  Process: 6816 ExecStop=/sbin/start-stop-daemon --quiet --stop --retry QUIT/5 --pidfile /run/ngi
  Process: 6618 ExecStart=/usr/sbin/nginx -g daemon on; master_process on; (code=exited, status=0
  Process: 6819 ExecStartPre=/usr/sbin/nginx -t -q -g daemon on; master_process on; (code=exited,
 Main PID: 6622 (code=exited, status=0/SUCCESS)

Feb 03 09:57:45 ip-172-31-43-134 systemd[1]: Stopped A high performance web server and a reverse 
Feb 03 09:57:45 ip-172-31-43-134 systemd[1]: Starting A high performance web server and a reverse
Feb 03 09:57:45 ip-172-31-43-134 nginx[6819]: nginx: [emerg] open() "/etc/nginx/sites-enabled/ins
Feb 03 09:57:45 ip-172-31-43-134 nginx[6819]: nginx: configuration file /etc/nginx/nginx.conf tes
Feb 03 09:57:45 ip-172-31-43-134 systemd[1]: nginx.service: Control process exited, code=exited s
Feb 03 09:57:45 ip-172-31-43-134 systemd[1]: nginx.service: Failed with result 'exit-code'.
Feb 03 09:57:45 ip-172-31-43-134 systemd[1]: Failed to start A high performance web server and a 
lines 1-16/16 (END)
ubuntu@ip-172-31-43-134:/etc/nginx/sites-enabled$ sudo service nginx stop
ubuntu@ip-172-31-43-134:/etc/nginx/sites-enabled$ sudo service nginx start
Job for nginx.service failed because the control process exited with error code.
See "systemctl status nginx.service" and "journalctl -xe" for details.
ubuntu@ip-172-31-43-134:/etc/nginx/sites-enabled$ ll
total 8
drwxr-xr-x 2 root root 4096 Feb  3 09:56 ./
drwxr-xr-x 8 root root 4096 Feb  2 09:36 ../
lrwxrwxrwx 1 root root   35 Feb  3 09:56 bhp.conf -> /etc/nginx/sites-available/bhp.conf
lrwxrwxrwx 1 root root    6 Feb  3 09:56 inside -> inside
ubuntu@ip-172-31-43-134:/etc/nginx/sites-enabled$ less bhp.conf
ubuntu@ip-172-31-43-134:/etc/nginx/sites-enabled$ ls
bhp.conf  inside
ubuntu@ip-172-31-43-134:/etc/nginx/sites-enabled$ sudo unlink inside
ubuntu@ip-172-31-43-134:/etc/nginx/sites-enabled$ ll
total 8
drwxr-xr-x 2 root root 4096 Feb  3 09:59 ./
drwxr-xr-x 8 root root 4096 Feb  2 09:36 ../
lrwxrwxrwx 1 root root   35 Feb  3 09:56 bhp.conf -> /etc/nginx/sites-available/bhp.conf
ubuntu@ip-172-31-43-134:/etc/nginx/sites-enabled$ cd ../sites-available
ubuntu@ip-172-31-43-134:/etc/nginx/sites-available$ ll
total 28
drwxr-xr-x 2 root root  4096 Feb  3 09:44 ./
drwxr-xr-x 8 root root  4096 Feb  2 09:36 ../
-rw------- 1 root root 12288 Feb  2 12:22 .bhp.conf.swp
-rw-r--r-- 1 root root   179 Feb  3 09:44 bhp.conf
-rw-r--r-- 1 root root  2416 Apr  6  2018 default
ubuntu@ip-172-31-43-134:/etc/nginx/sites-available$ less bhp.conf
ubuntu@ip-172-31-43-134:/etc/nginx/sites-available$ cd ../sites-enabled
ubuntu@ip-172-31-43-134:/etc/nginx/sites-enabled$ sudo service nginx restart
ubuntu@ip-172-31-43-134:/etc/nginx/sites-enabled$ sudo service nginx status
● nginx.service - A high performance web server and a reverse proxy server
   Loaded: loaded (/lib/systemd/system/nginx.service; enabled; vendor preset: enabled)
   Active: active (running) since Wed 2021-02-03 10:03:00 UTC; 18s ago
     Docs: man:nginx(8)
  Process: 6816 ExecStop=/sbin/start-stop-daemon --quiet --stop --retry QUIT/5 --pidfile /run/ngi
  Process: 6957 ExecStart=/usr/sbin/nginx -g daemon on; master_process on; (code=exited, status=0
  Process: 6947 ExecStartPre=/usr/sbin/nginx -t -q -g daemon on; master_process on; (code=exited,
 Main PID: 6962 (nginx)
    Tasks: 2 (limit: 1140)
   CGroup: /system.slice/nginx.service
           ├─6962 nginx: master process /usr/sbin/nginx -g daemon on; master_process on;
           └─6966 nginx: worker process

Feb 03 10:03:00 ip-172-31-43-134 systemd[1]: Starting A high performance web server and a reverse
Feb 03 10:03:00 ip-172-31-43-134 systemd[1]: nginx.service: Failed to parse PID from file /run/ng
Feb 03 10:03:00 ip-172-31-43-134 systemd[1]: Started A high performance web server and a reverse 
ubuntu@ip-172-31-43-134:/etc/nginx/sites-enabled$ 
ubuntu@ip-172-31-43-134:/etc/nginx/sites-enabled$ cd ~
ubuntu@ip-172-31-43-134:~$ cd BHP/server/
ubuntu@ip-172-31-43-134:~/BHP/server$ ll
total 32
drwxr-xr-x 4 ubuntu ubuntu 4096 Feb  2 09:17 ./
drwxr-xr-x 7 ubuntu ubuntu 4096 Feb  2 09:17 ../
-rw-r--r-- 1 ubuntu ubuntu 6148 Feb  2 09:17 .DS_Store
drwxr-xr-x 2 ubuntu ubuntu 4096 Feb  2 09:17 __pycache__/
drwxr-xr-x 2 ubuntu ubuntu 4096 Feb  2 09:17 artifacts/
-rw-r--r-- 1 ubuntu ubuntu  942 Feb  2 09:17 server.py
-rw-r--r-- 1 ubuntu ubuntu 1290 Feb  2 09:17 util.py
ubuntu@ip-172-31-43-134:~/BHP/server$ pip3

Usage:   
  pip <command> [options]

Commands:
  install                     Install packages.
  download                    Download packages.
  uninstall                   Uninstall packages.
  freeze                      Output installed packages in requirements format.
  list                        List installed packages.
  show                        Show information about installed packages.
  check                       Verify installed packages have compatible dependencies.
  search                      Search PyPI for packages.
  wheel                       Build wheels from your requirements.
  hash                        Compute hashes of package archives.
  completion                  A helper command used for command completion.
  help                        Show help for commands.

General Options:
  -h, --help                  Show help.
  --isolated                  Run pip in an isolated mode, ignoring environment variables and
                              user configuration.
  -v, --verbose               Give more output. Option is additive, and can be used up to 3
                              times.
  -V, --version               Show version and exit.
  -q, --quiet                 Give less output. Option is additive, and can be used up to 3
                              times (corresponding to WARNING, ERROR, and CRITICAL logging
                              levels).
  --log <path>                Path to a verbose appending log.
  --proxy <proxy>             Specify a proxy in the form [user:passwd@]proxy.server:port.
  --retries <retries>         Maximum number of retries each connection should attempt (default
                              5 times).
  --timeout <sec>             Set the socket timeout (default 15 seconds).
  --exists-action <action>    Default action when a path already exists: (s)witch, (i)gnore,
                              (w)ipe, (b)ackup, (a)bort.
  --trusted-host <hostname>   Mark this host as trusted, even though it does not have valid or
                              any HTTPS.
  --cert <path>               Path to alternate CA bundle.
  --client-cert <path>        Path to SSL client certificate, a single file containing the
                              private key and the certificate in PEM format.
  --cache-dir <dir>           Store the cache data in <dir>.
  --no-cache-dir              Disable the cache.
  --disable-pip-version-check
                              Don't periodically check PyPI to determine whether a new version
                              of pip is available for download. Implied with --no-index.
ubuntu@ip-172-31-43-134:~/BHP/server$ python3
Python 3.6.9 (default, Oct  8 2020, 12:12:24) 
[GCC 8.4.0] on linux
Type "help", "copyright", "credits" or "license" for more information.
>>> exit
Use exit() or Ctrl-D (i.e. EOF) to exit
>>> 
ubuntu@ip-172-31-43-134:~/BHP/server$ sudo apt install numpy
Reading package lists... Done
Building dependency tree       
Reading state information... Done
E: Unable to locate package numpy
ubuntu@ip-172-31-43-134:~/BHP/server$ numpy
numpy: command not found
ubuntu@ip-172-31-43-134:~/BHP/server$ sudo apt install Flask
Reading package lists... Done
Building dependency tree       
Reading state information... Done
E: Unable to locate package Flask
ubuntu@ip-172-31-43-134:~/BHP/server$ sudo pip3 install Flask
The directory '/home/ubuntu/.cache/pip/http' or its parent directory is not owned by the current user and the cache has been disabled. Please check the permissions and owner of that directory. If executing pip with sudo, you may want sudo's -H flag.
The directory '/home/ubuntu/.cache/pip' or its parent directory is not owned by the current user and caching wheels has been disabled. check the permissions and owner of that directory. If executing pip with sudo, you may want sudo's -H flag.
Collecting Flask
  Downloading https://files.pythonhosted.org/packages/f2/28/2a03252dfb9ebf377f40fba6a7841b47083260bf8bd8e737b0c6952df83f/Flask-1.1.2-py2.py3-none-any.whl (94kB)
    100% |████████████████████████████████| 102kB 8.4MB/s 
Collecting itsdangerous>=0.24 (from Flask)
  Downloading https://files.pythonhosted.org/packages/76/ae/44b03b253d6fade317f32c24d100b3b35c2239807046a4c953c7b89fa49e/itsdangerous-1.1.0-py2.py3-none-any.whl
Requirement already satisfied: click>=5.1 in /usr/lib/python3/dist-packages (from Flask)
Collecting Werkzeug>=0.15 (from Flask)
  Downloading https://files.pythonhosted.org/packages/cc/94/5f7079a0e00bd6863ef8f1da638721e9da21e5bacee597595b318f71d62e/Werkzeug-1.0.1-py2.py3-none-any.whl (298kB)
    100% |████████████████████████████████| 307kB 4.2MB/s 
Collecting Jinja2>=2.10.1 (from Flask)
  Downloading https://files.pythonhosted.org/packages/7e/c2/1eece8c95ddbc9b1aeb64f5783a9e07a286de42191b7204d67b7496ddf35/Jinja2-2.11.3-py2.py3-none-any.whl (125kB)
    100% |████████████████████████████████| 133kB 8.9MB/s 
Requirement already satisfied: MarkupSafe>=0.23 in /usr/lib/python3/dist-packages (from Jinja2>=2.10.1->Flask)
Installing collected packages: itsdangerous, Werkzeug, Jinja2, Flask
  Found existing installation: Jinja2 2.10
    Not uninstalling jinja2 at /usr/lib/python3/dist-packages, outside environment /usr
Successfully installed Flask-1.1.2 Jinja2-2.11.3 Werkzeug-1.0.1 itsdangerous-1.1.0
ubuntu@ip-172-31-43-134:~/BHP/server$ sudo plp3 install numpy
sudo: plp3: command not found
ubuntu@ip-172-31-43-134:~/BHP/server$ sudo plp3 install numpy
sudo: plp3: command not found
ubuntu@ip-172-31-43-134:~/BHP/server$ sudo pip3 install numpy
The directory '/home/ubuntu/.cache/pip/http' or its parent directory is not owned by the current user and the cache has been disabled. Please check the permissions and owner of that directory. If executing pip with sudo, you may want sudo's -H flag.
The directory '/home/ubuntu/.cache/pip' or its parent directory is not owned by the current user and caching wheels has been disabled. check the permissions and owner of that directory. If executing pip with sudo, you may want sudo's -H flag.
Collecting numpy
  Downloading https://files.pythonhosted.org/packages/45/b2/6c7545bb7a38754d63048c7696804a0d947328125d81bf12beaa692c3ae3/numpy-1.19.5-cp36-cp36m-manylinux1_x86_64.whl (13.4MB)
    100% |████████████████████████████████| 13.4MB 103kB/s 
Installing collected packages: numpy
Successfully installed numpy-1.19.5
ubuntu@ip-172-31-43-134:~/BHP/server$ sudo pip3 install scikit-learn
The directory '/home/ubuntu/.cache/pip/http' or its parent directory is not owned by the current user and the cache has been disabled. Please check the permissions and owner of that directory. If executing pip with sudo, you may want sudo's -H flag.
The directory '/home/ubuntu/.cache/pip' or its parent directory is not owned by the current user and caching wheels has been disabled. check the permissions and owner of that directory. If executing pip with sudo, you may want sudo's -H flag.
Collecting scikit-learn
  Downloading https://files.pythonhosted.org/packages/a4/11/e5862273960aef46cf98e571db5433bdabe5e816ef3317260dcdabc9b438/scikit_learn-0.24.1-cp36-cp36m-manylinux1_x86_64.whl (20.0MB)
    100% |████████████████████████████████| 20.0MB 69kB/s 
Collecting scipy>=0.19.1 (from scikit-learn)
  Downloading https://files.pythonhosted.org/packages/c8/89/63171228d5ced148f5ced50305c89e8576ffc695a90b58fe5bb602b910c2/scipy-1.5.4-cp36-cp36m-manylinux1_x86_64.whl (25.9MB)
    100% |████████████████████████████████| 25.9MB 52kB/s 
Collecting joblib>=0.11 (from scikit-learn)
  Downloading https://files.pythonhosted.org/packages/34/5b/bd0f0fb5564183884d8e35b81d06d7ec06a20d1a0c8b4c407f1554691dce/joblib-1.0.0-py3-none-any.whl (302kB)
    100% |████████████████████████████████| 307kB 4.6MB/s 
Collecting threadpoolctl>=2.0.0 (from scikit-learn)
  Downloading https://files.pythonhosted.org/packages/f7/12/ec3f2e203afa394a149911729357aa48affc59c20e2c1c8297a60f33f133/threadpoolctl-2.1.0-py3-none-any.whl
Requirement already satisfied: numpy>=1.13.3 in /usr/local/lib/python3.6/dist-packages (from scikit-learn)
Installing collected packages: scipy, joblib, threadpoolctl, scikit-learn
Successfully installed joblib-1.0.0 scikit-learn-0.24.1 scipy-1.5.4 threadpoolctl-2.1.0
ubuntu@ip-172-31-43-134:~/BHP/server$ python3 server.py
Starting Python Flask Server For Home Price Prediction
loading saved artifacts...start
/usr/local/lib/python3.6/dist-packages/sklearn/base.py:315: UserWarning: Trying to unpickle estimator LinearRegression from version 0.23.1 when using version 0.24.1. This might lead to breaking code or invalid results. Use at your own risk.
  UserWarning)
loading saved artifacts...done
 * Serving Flask app "server" (lazy loading)
 * Environment: production
   WARNING: This is a development server. Do not use it in a production deployment.
   Use a production WSGI server instead.
 * Debug mode: off
 * Running on http://127.0.0.1:5000/ (Press CTRL+C to quit)
^Cubuntu@ip-172-31-43-134:~/BHP/server$ history
    1  pwd
    2  ls
    3  mkdir BHProot
    4  ls
    5  pwd
    6  cd BHProot
    7  ls
    8  ll
    9  pwd
   10  rd
   11  rd BHProot
   12  rmdir BHProot
   13  cd ..
   14  rmdir BHProot
   15  ls
   16  sudo apt-get update
   17  sudo apt-get install nginx
   18  sudo service nginx status
   19  cd /etc/nginx/
   20  pwd
   21  ll
   22  less nginx.conf
   23  less sites-enabled/
   24  less sites-enabled/default
   25  less /var/www/html/index.nginx-debian.html
   26  cd sites-enabled/
   27  ls
   28  ll
   29  sudo unlink default
   30  ll
   31  ls
   32  cd ../sites-available/
   33  ll
   34  sudo vim bhp.conf
   35  sudo service nginx status
   36  cd /etc/nginx
   37  ll
   38  less nginx.conf
   39  less sites-enabled/default
   40  cd sites-enabled/
   41  ls
   42  ll
   43  pwd
   44  cd ../sites-available/
   45  ll
   46  sudo vim bhp.conf
   47  cd ../sites-enabled/
   48  ll
   49  sudo service nginx restart
   50  sudo service nginx status
   51  cd~
   52  cd ~
   53  cd BHPserver/
   54  cd BHP/server
   55  ls
   56  ll
   57  python3
   58  sudo apt install python3-pip
   59  cd ..
   60  cd..
   61  cd ..
   62  cd /etc/nginx/
   63  cd sites-enabled
   64  sudo ln -v -s /etc/nginx/sites-available/bhp.conf inside /etc/nginx/sites-enabled
   65  ll
   66  sudo service nginx restart
   67  sudo service nginx status
   68  sudo service nginx restart
   69  sudo service nginx stop
   70  sudo service nginx status
   71  sudo service nginx start
   72  sudo service nginx help
   73  sudo service nginx reload
   74  sudo unlink inside
   75  ll
   76  sudo service nginx start
   77  sudo unlink bhp.conf
   78  ll
   79  sudo ln -v -s /etc/nginx/sites-available/bhp.conf
   80  ll
   81  sudo service nginx restart
   82  sudo service nginx start
   83  sudo unlink bhp.conf
   84  sudo service nginx start
   85  sudo service nginx status
   86  ll
   87  pwd
   88  cd ..
   89  cd sites-available
   90  ll
   91  less bhp.conf
   92  sudo vim bhp.conf
   93  ls
   94  ll
   95  less bhp.conf
   96  cd ../sites-enabled
   97  ll
   98  ls
   99  cd ../sites-avialable
  100  cd ../sites-available
  101  ls
  102  ll
  103  cd .. sites-enabled/
  104  cd ../sites-enabled
  105  sudo ln -v -s /etc/nginx/sites-available/bhp.conf inside /etc/nginx/sites-enabled
  106  ll
  107  sudo service nginx restart
  108  sudo service nginx status
  109  sudo service nginx stop
  110  sudo service nginx start
  111  ll
  112  less bhp.conf
  113  ls
  114  sudo unlink inside
  115  ll
  116  cd ../sites-available
  117  ll
  118  less bhp.conf
  119  cd ../sites-enabled
  120  sudo service nginx restart
  121  sudo service nginx status
  122  cd ~
  123  cd BHP/server/
  124  ll
  125  pip3
  126  python3
  127  sudo apt install numpy
  128  numpy
  129  sudo apt install Flask
  130  sudo pip3 install Flask
  131  sudo plp3 install numpy
  132  sudo pip3 install numpy
  133  sudo pip3 install scikit-learn
  134  python3 server.py
  135  history
ubuntu@ip-172-31-43-134:~/BHP/server$ 
